INFO:     Started server process [1]
INFO:     Waiting for application startup.
INFO:backend.app.main:AGENT_RUNTIME_MODE=http
INFO:backend.app.main:AGENT_RUNTIME_HTTP_TIMEOUT_SECONDS=300.0
INFO:backend.app.db.database:jobs.ai_audit_comment is stored as VARCHAR(200) in SQLite (no length limit); application no longer truncates values
INFO:backend.app.db.k8s_inventory:Dropped legacy shared k8s inventory tables: ['k8s_pvcs', 'k8s_deployments', 'k8s_namespaces', 'k8s_nodes', 'k8s_deployments_20260806_215141', 'k8s_deployments_20260806_215231', 'k8s_deployments_20260806_215330', 'k8s_namespaces_20260806_215141', 'k8s_namespaces_20260806_215231', 'k8s_namespaces_20260806_215330', 'k8s_nodes_20260806_215141', 'k8s_nodes_20260806_215231', 'k8s_nodes_20260806_215330', 'k8s_pvcs_20260806_215141', 'k8s_pvcs_20260806_215231', 'k8s_pvcs_20260806_215330']
INFO:backend.app.db.database:Skip user seeding: users table already has 13 record(s)
INFO:backend.app.db.database:SQLite database initialized at /app/data/app.db
INFO:backend.app.services.redis_client:Redis connected: redis://redis:6379/0
INFO:backend.app.services.job_processor_loop:job processor started (poll_interval=60s, runtime_mode=http)
INFO:backend.app.services.mynote_flush_loop:mynote flush loop started (flush_interval=300s)
INFO:     Application startup complete.
INFO:backend.app.services.job_processor_loop:job processor helpdesk target: idx=27 agent_id=c4d35629-2ae1-425a-a7c0-b2d2887e642d is_orchestrator=True url=https://test.nudp.lguplus.co.kr/aihub/orchestrators/v1/c4d35629-2ae1-425a-a7c0-b2d2887e642d/invoke
INFO:     Uvicorn running on http://0.0.0.0:8080 (Press CTRL+C to quit)
INFO:     10.131.0.190:51762 - "GET /api/debug/teams-power-automate/pending HTTP/1.1" 200 OK
INFO:     10.131.0.190:51768 - "GET /api/jobs?min_status_code=10&exclude_status_code=13&job_type=2 HTTP/1.1" 200 OK
INFO:     10.131.0.190:51784 - "GET /api/agent-logs?limit=500&agent_id=whatap-events HTTP/1.1" 200 OK
INFO:     10.131.0.190:51800 - "GET /api/agents HTTP/1.1" 200 OK
INFO:     10.131.0.190:51814 - "GET /api/users?viewer_role=0 HTTP/1.1" 200 OK
INFO:     10.131.0.190:51816 - "GET /api/jobs/16/result HTTP/1.1" 200 OK
INFO:     10.131.0.190:51828 - "GET /api/auth/me HTTP/1.1" 200 OK
INFO:     10.131.0.190:51830 - "GET /api/health HTTP/1.1" 200 OK
INFO:     10.131.0.190:51834 - "GET /api/jobs?status_code=0 HTTP/1.1" 200 OK
INFO:     10.131.0.190:51848 - "GET /api/users HTTP/1.1" 200 OK
INFO:     10.131.0.190:51850 - "GET /api/jobs/workflow HTTP/1.1" 200 OK
INFO:     10.131.0.190:51870 - "GET /api/debug/teams-power-automate/pending HTTP/1.1" 200 OK
INFO:     10.131.0.190:51872 - "GET /api/agents HTTP/1.1" 200 OK
INFO:     10.131.0.190:51860 - "GET /api/chat/logs/isyun HTTP/1.1" 200 OK
INFO:     10.131.0.190:51888 - "GET /api/users?viewer_role=0 HTTP/1.1" 200 OK
INFO:     10.131.0.190:51890 - "GET /api/chat/input-history/HELPDESK_AGENT HTTP/1.1" 200 OK
INFO:     10.131.0.190:51900 - "GET /api/auth/me HTTP/1.1" 200 OK
INFO:     10.131.0.190:51966 - "GET /api/debug/teams-power-automate/pending HTTP/1.1" 200 OK
INFO:     10.131.0.190:51914 - "GET /api/health HTTP/1.1" 200 OK
INFO:     10.131.0.190:51930 - "GET /api/jobs?status_code=0 HTTP/1.1" 200 OK
INFO:     10.131.0.190:51934 - "GET /api/users HTTP/1.1" 200 OK
INFO:     10.131.0.190:51950 - "GET /api/jobs/workflow HTTP/1.1" 200 OK
INFO:     10.131.0.190:51960 - "GET /api/chat/logs/isyun HTTP/1.1" 200 OK
INFO:     10.131.0.190:51978 - "GET /api/agents HTTP/1.1" 200 OK
INFO:     10.131.0.190:51994 - "GET /api/users?viewer_role=0 HTTP/1.1" 200 OK
INFO:     10.131.0.190:51998 - "GET /api/chat/input-history/HELPDESK_AGENT HTTP/1.1" 200 OK
INFO:     10.131.0.190:58318 - "GET /api/debug/teams-power-automate/pending HTTP/1.1" 200 OK
INFO:     10.131.0.190:58328 - "GET /api/debug/tables HTTP/1.1" 200 OK
INFO:     10.131.0.190:58338 - "GET /api/debug/teams-power-automate/pending HTTP/1.1" 200 OK
INFO:     10.131.0.190:58342 - "GET /api/debug/teams-power-automate/pending HTTP/1.1" 200 OK
INFO:     10.131.0.190:58358 - "GET /api/jobs?status_code=0 HTTP/1.1" 200 OK
INFO:     10.131.0.190:58366 - "GET /api/jobs/workflow HTTP/1.1" 200 OK
INFO:     10.131.0.190:49688 - "GET /api/debug/teams-power-automate/pending HTTP/1.1" 200 OK
INFO:     10.131.0.190:49702 - "GET /api/debug/teams-power-automate/pending HTTP/1.1" 200 OK
INFO:     10.131.0.190:49704 - "GET /api/agents HTTP/1.1" 200 OK
INFO:     10.131.0.190:49724 - "GET /api/users?viewer_role=0 HTTP/1.1" 200 OK
INFO:     10.131.0.190:49730 - "GET /api/k8s-infra/clusters HTTP/1.1" 200 OK
INFO:     10.131.0.190:49746 - "GET /api/debug/teams-power-automate/pending HTTP/1.1" 200 OK
INFO:     10.131.0.190:49760 - "GET /api/jobs?status_code=0 HTTP/1.1" 200 OK
INFO:     10.131.0.190:49774 - "GET /api/jobs/workflow HTTP/1.1" 200 OK
INFO:     10.131.0.190:34318 - "GET /api/debug/teams-power-automate/pending HTTP/1.1" 200 OK
/app/.venv/lib/python3.12/site-packages/urllib3/connectionpool.py:1110: InsecureRequestWarning: Unverified HTTPS request is being made to host 'api.dprv6-k8s.lguplus.co.kr'. Adding certificate verification is strongly advised. See: https://urllib3.readthedocs.io/en/latest/advanced-usage.html#tls-warnings
  warnings.warn(
/app/.venv/lib/python3.12/site-packages/urllib3/connectionpool.py:1110: InsecureRequestWarning: Unverified HTTPS request is being made to host 'api.dprv6-k8s.lguplus.co.kr'. Adding certificate verification is strongly advised. See: https://urllib3.readthedocs.io/en/latest/advanced-usage.html#tls-warnings
  warnings.warn(
/app/.venv/lib/python3.12/site-packages/urllib3/connectionpool.py:1110: InsecureRequestWarning: Unverified HTTPS request is being made to host 'api.dprv6-k8s.lguplus.co.kr'. Adding certificate verification is strongly advised. See: https://urllib3.readthedocs.io/en/latest/advanced-usage.html#tls-warnings
  warnings.warn(
INFO:backend.app.services.k8s_collector:Collecting k8s inventory cluster=dprv6-k8s context=dprv6-k8s resolved=dprv6-k8s kubeconfig=/etc/k8s/kubeconfig mode=http
/app/.venv/lib/python3.12/site-packages/urllib3/connectionpool.py:1110: InsecureRequestWarning: Unverified HTTPS request is being made to host 'api.dprv6-k8s.lguplus.co.kr'. Adding certificate verification is strongly advised. See: https://urllib3.readthedocs.io/en/latest/advanced-usage.html#tls-warnings
  warnings.warn(
/app/.venv/lib/python3.12/site-packages/urllib3/connectionpool.py:1110: InsecureRequestWarning: Unverified HTTPS request is being made to host 'api.dprv6-k8s.lguplus.co.kr'. Adding certificate verification is strongly advised. See: https://urllib3.readthedocs.io/en/latest/advanced-usage.html#tls-warnings
  warnings.warn(
/app/.venv/lib/python3.12/site-packages/urllib3/connectionpool.py:1110: InsecureRequestWarning: Unverified HTTPS request is being made to host 'api.dprv6-k8s.lguplus.co.kr'. Adding certificate verification is strongly advised. See: https://urllib3.readthedocs.io/en/latest/advanced-usage.html#tls-warnings
  warnings.warn(
/app/.venv/lib/python3.12/site-packages/urllib3/connectionpool.py:1110: InsecureRequestWarning: Unverified HTTPS request is being made to host 'api.dprv6-k8s.lguplus.co.kr'. Adding certificate verification is strongly advised. See: https://urllib3.readthedocs.io/en/latest/advanced-usage.html#tls-warnings
  warnings.warn(
/app/.venv/lib/python3.12/site-packages/urllib3/connectionpool.py:1110: InsecureRequestWarning: Unverified HTTPS request is being made to host 'api.dprv6-k8s.lguplus.co.kr'. Adding certificate verification is strongly advised. See: https://urllib3.readthedocs.io/en/latest/advanced-usage.html#tls-warnings
  warnings.warn(
/app/.venv/lib/python3.12/site-packages/urllib3/connectionpool.py:1110: InsecureRequestWarning: Unverified HTTPS request is being made to host 'api.dprv6-k8s.lguplus.co.kr'. Adding certificate verification is strongly advised. See: https://urllib3.readthedocs.io/en/latest/advanced-usage.html#tls-warnings
  warnings.warn(
/app/.venv/lib/python3.12/site-packages/urllib3/connectionpool.py:1110: InsecureRequestWarning: Unverified HTTPS request is being made to host 'api.dprv6-k8s.lguplus.co.kr'. Adding certificate verification is strongly advised. See: https://urllib3.readthedocs.io/en/latest/advanced-usage.html#tls-warnings
  warnings.warn(
/app/.venv/lib/python3.12/site-packages/urllib3/connectionpool.py:1110: InsecureRequestWarning: Unverified HTTPS request is being made to host 'api.dprv6-k8s.lguplus.co.kr'. Adding certificate verification is strongly advised. See: https://urllib3.readthedocs.io/en/latest/advanced-usage.html#tls-warnings
  warnings.warn(
/app/.venv/lib/python3.12/site-packages/urllib3/connectionpool.py:1110: InsecureRequestWarning: Unverified HTTPS request is being made to host 'api.dprv6-k8s.lguplus.co.kr'. Adding certificate verification is strongly advised. See: https://urllib3.readthedocs.io/en/latest/advanced-usage.html#tls-warnings
  warnings.warn(
/app/.venv/lib/python3.12/site-packages/urllib3/connectionpool.py:1110: InsecureRequestWarning: Unverified HTTPS request is being made to host 'api.dprv6-k8s.lguplus.co.kr'. Adding certificate verification is strongly advised. See: https://urllib3.readthedocs.io/en/latest/advanced-usage.html#tls-warnings
  warnings.warn(
/app/.venv/lib/python3.12/site-packages/urllib3/connectionpool.py:1110: InsecureRequestWarning: Unverified HTTPS request is being made to host 'api.dprv6-k8s.lguplus.co.kr'. Adding certificate verification is strongly advised. See: https://urllib3.readthedocs.io/en/latest/advanced-usage.html#tls-warnings
  warnings.warn(
/app/.venv/lib/python3.12/site-packages/urllib3/connectionpool.py:1110: InsecureRequestWarning: Unverified HTTPS request is being made to host 'api.dprv6-k8s.lguplus.co.kr'. Adding certificate verification is strongly advised. See: https://urllib3.readthedocs.io/en/latest/advanced-usage.html#tls-warnings
  warnings.warn(
/app/.venv/lib/python3.12/site-packages/urllib3/connectionpool.py:1110: InsecureRequestWarning: Unverified HTTPS request is being made to host 'api.dprv6-k8s.lguplus.co.kr'. Adding certificate verification is strongly advised. See: https://urllib3.readthedocs.io/en/latest/advanced-usage.html#tls-warnings
  warnings.warn(
/app/.venv/lib/python3.12/site-packages/urllib3/connectionpool.py:1110: InsecureRequestWarning: Unverified HTTPS request is being made to host 'api.dprv6-k8s.lguplus.co.kr'. Adding certificate verification is strongly advised. See: https://urllib3.readthedocs.io/en/latest/advanced-usage.html#tls-warnings
  warnings.warn(
/app/.venv/lib/python3.12/site-packages/urllib3/connectionpool.py:1110: InsecureRequestWarning: Unverified HTTPS request is being made to host 'api.dprv6-k8s.lguplus.co.kr'. Adding certificate verification is strongly advised. See: https://urllib3.readthedocs.io/en/latest/advanced-usage.html#tls-warnings
  warnings.warn(
/app/.venv/lib/python3.12/site-packages/urllib3/connectionpool.py:1110: InsecureRequestWarning: Unverified HTTPS request is being made to host 'api.dprv6-k8s.lguplus.co.kr'. Adding certificate verification is strongly advised. See: https://urllib3.readthedocs.io/en/latest/advanced-usage.html#tls-warnings
  warnings.warn(
/app/.venv/lib/python3.12/site-packages/urllib3/connectionpool.py:1110: InsecureRequestWarning: Unverified HTTPS request is being made to host 'api.dprv6-k8s.lguplus.co.kr'. Adding certificate verification is strongly advised. See: https://urllib3.readthedocs.io/en/latest/advanced-usage.html#tls-warnings
  warnings.warn(
/app/.venv/lib/python3.12/site-packages/urllib3/connectionpool.py:1110: InsecureRequestWarning: Unverified HTTPS request is being made to host 'api.dprv6-k8s.lguplus.co.kr'. Adding certificate verification is strongly advised. See: https://urllib3.readthedocs.io/en/latest/advanced-usage.html#tls-warnings
  warnings.warn(
/app/.venv/lib/python3.12/site-packages/urllib3/connectionpool.py:1110: InsecureRequestWarning: Unverified HTTPS request is being made to host 'api.dprv6-k8s.lguplus.co.kr'. Adding certificate verification is strongly advised. See: https://urllib3.readthedocs.io/en/latest/advanced-usage.html#tls-warnings
  warnings.warn(
/app/.venv/lib/python3.12/site-packages/urllib3/connectionpool.py:1110: InsecureRequestWarning: Unverified HTTPS request is being made to host 'api.dprv6-k8s.lguplus.co.kr'. Adding certificate verification is strongly advised. See: https://urllib3.readthedocs.io/en/latest/advanced-usage.html#tls-warnings
  warnings.warn(
/app/.venv/lib/python3.12/site-packages/urllib3/connectionpool.py:1110: InsecureRequestWarning: Unverified HTTPS request is being made to host 'api.dprv6-k8s.lguplus.co.kr'. Adding certificate verification is strongly advised. See: https://urllib3.readthedocs.io/en/latest/advanced-usage.html#tls-warnings
  warnings.warn(
/app/.venv/lib/python3.12/site-packages/urllib3/connectionpool.py:1110: InsecureRequestWarning: Unverified HTTPS request is being made to host 'api.dprv6-k8s.lguplus.co.kr'. Adding certificate verification is strongly advised. See: https://urllib3.readthedocs.io/en/latest/advanced-usage.html#tls-warnings
  warnings.warn(
/app/.venv/lib/python3.12/site-packages/urllib3/connectionpool.py:1110: InsecureRequestWarning: Unverified HTTPS request is being made to host 'api.dprv6-k8s.lguplus.co.kr'. Adding certificate verification is strongly advised. See: https://urllib3.readthedocs.io/en/latest/advanced-usage.html#tls-warnings
  warnings.warn(
/app/.venv/lib/python3.12/site-packages/urllib3/connectionpool.py:1110: InsecureRequestWarning: Unverified HTTPS request is being made to host 'api.dprv6-k8s.lguplus.co.kr'. Adding certificate verification is strongly advised. See: https://urllib3.readthedocs.io/en/latest/advanced-usage.html#tls-warnings
  warnings.warn(
/app/.venv/lib/python3.12/site-packages/urllib3/connectionpool.py:1110: InsecureRequestWarning: Unverified HTTPS request is being made to host 'api.dprv6-k8s.lguplus.co.kr'. Adding certificate verification is strongly advised. See: https://urllib3.readthedocs.io/en/latest/advanced-usage.html#tls-warnings
  warnings.warn(
/app/.venv/lib/python3.12/site-packages/urllib3/connectionpool.py:1110: InsecureRequestWarning: Unverified HTTPS request is being made to host 'api.dprv6-k8s.lguplus.co.kr'. Adding certificate verification is strongly advised. See: https://urllib3.readthedocs.io/en/latest/advanced-usage.html#tls-warnings
  warnings.warn(
/app/.venv/lib/python3.12/site-packages/urllib3/connectionpool.py:1110: InsecureRequestWarning: Unverified HTTPS request is being made to host 'api.dprv6-k8s.lguplus.co.kr'. Adding certificate verification is strongly advised. See: https://urllib3.readthedocs.io/en/latest/advanced-usage.html#tls-warnings
  warnings.warn(
/app/.venv/lib/python3.12/site-packages/urllib3/connectionpool.py:1110: InsecureRequestWarning: Unverified HTTPS request is being made to host 'api.dprv6-k8s.lguplus.co.kr'. Adding certificate verification is strongly advised. See: https://urllib3.readthedocs.io/en/latest/advanced-usage.html#tls-warnings
  warnings.warn(
/app/.venv/lib/python3.12/site-packages/urllib3/connectionpool.py:1110: InsecureRequestWarning: Unverified HTTPS request is being made to host 'api.dprv6-k8s.lguplus.co.kr'. Adding certificate verification is strongly advised. See: https://urllib3.readthedocs.io/en/latest/advanced-usage.html#tls-warnings
  warnings.warn(
/app/.venv/lib/python3.12/site-packages/urllib3/connectionpool.py:1110: InsecureRequestWarning: Unverified HTTPS request is being made to host 'api.dprv6-k8s.lguplus.co.kr'. Adding certificate verification is strongly advised. See: https://urllib3.readthedocs.io/en/latest/advanced-usage.html#tls-warnings
  warnings.warn(
/app/.venv/lib/python3.12/site-packages/urllib3/connectionpool.py:1110: InsecureRequestWarning: Unverified HTTPS request is being made to host 'api.dprv6-k8s.lguplus.co.kr'. Adding certificate verification is strongly advised. See: https://urllib3.readthedocs.io/en/latest/advanced-usage.html#tls-warnings
  warnings.warn(
/app/.venv/lib/python3.12/site-packages/urllib3/connectionpool.py:1110: InsecureRequestWarning: Unverified HTTPS request is being made to host 'api.dprv6-k8s.lguplus.co.kr'. Adding certificate verification is strongly advised. See: https://urllib3.readthedocs.io/en/latest/advanced-usage.html#tls-warnings
  warnings.warn(
/app/.venv/lib/python3.12/site-packages/urllib3/connectionpool.py:1110: InsecureRequestWarning: Unverified HTTPS request is being made to host 'api.dprv6-k8s.lguplus.co.kr'. Adding certificate verification is strongly advised. See: https://urllib3.readthedocs.io/en/latest/advanced-usage.html#tls-warnings
  warnings.warn(
/app/.venv/lib/python3.12/site-packages/urllib3/connectionpool.py:1110: InsecureRequestWarning: Unverified HTTPS request is being made to host 'api.dprv6-k8s.lguplus.co.kr'. Adding certificate verification is strongly advised. See: https://urllib3.readthedocs.io/en/latest/advanced-usage.html#tls-warnings
  warnings.warn(
/app/.venv/lib/python3.12/site-packages/urllib3/connectionpool.py:1110: InsecureRequestWarning: Unverified HTTPS request is being made to host 'api.dprv6-k8s.lguplus.co.kr'. Adding certificate verification is strongly advised. See: https://urllib3.readthedocs.io/en/latest/advanced-usage.html#tls-warnings
  warnings.warn(
/app/.venv/lib/python3.12/site-packages/urllib3/connectionpool.py:1110: InsecureRequestWarning: Unverified HTTPS request is being made to host 'api.dprv6-k8s.lguplus.co.kr'. Adding certificate verification is strongly advised. See: https://urllib3.readthedocs.io/en/latest/advanced-usage.html#tls-warnings
  warnings.warn(
/app/.venv/lib/python3.12/site-packages/urllib3/connectionpool.py:1110: InsecureRequestWarning: Unverified HTTPS request is being made to host 'api.dprv6-k8s.lguplus.co.kr'. Adding certificate verification is strongly advised. See: https://urllib3.readthedocs.io/en/latest/advanced-usage.html#tls-warnings
  warnings.warn(
/app/.venv/lib/python3.12/site-packages/urllib3/connectionpool.py:1110: InsecureRequestWarning: Unverified HTTPS request is being made to host 'api.dprv6-k8s.lguplus.co.kr'. Adding certificate verification is strongly advised. See: https://urllib3.readthedocs.io/en/latest/advanced-usage.html#tls-warnings
  warnings.warn(
/app/.venv/lib/python3.12/site-packages/urllib3/connectionpool.py:1110: InsecureRequestWarning: Unverified HTTPS request is being made to host 'api.dprv6-k8s.lguplus.co.kr'. Adding certificate verification is strongly advised. See: https://urllib3.readthedocs.io/en/latest/advanced-usage.html#tls-warnings
  warnings.warn(
/app/.venv/lib/python3.12/site-packages/urllib3/connectionpool.py:1110: InsecureRequestWarning: Unverified HTTPS request is being made to host 'api.dprv6-k8s.lguplus.co.kr'. Adding certificate verification is strongly advised. See: https://urllib3.readthedocs.io/en/latest/advanced-usage.html#tls-warnings
  warnings.warn(
/app/.venv/lib/python3.12/site-packages/urllib3/connectionpool.py:1110: InsecureRequestWarning: Unverified HTTPS request is being made to host 'api.dprv6-k8s.lguplus.co.kr'. Adding certificate verification is strongly advised. See: https://urllib3.readthedocs.io/en/latest/advanced-usage.html#tls-warnings
  warnings.warn(
/app/.venv/lib/python3.12/site-packages/urllib3/connectionpool.py:1110: InsecureRequestWarning: Unverified HTTPS request is being made to host 'api.dprv6-k8s.lguplus.co.kr'. Adding certificate verification is strongly advised. See: https://urllib3.readthedocs.io/en/latest/advanced-usage.html#tls-warnings
  warnings.warn(
/app/.venv/lib/python3.12/site-packages/urllib3/connectionpool.py:1110: InsecureRequestWarning: Unverified HTTPS request is being made to host 'api.dprv6-k8s.lguplus.co.kr'. Adding certificate verification is strongly advised. See: https://urllib3.readthedocs.io/en/latest/advanced-usage.html#tls-warnings
  warnings.warn(
/app/.venv/lib/python3.12/site-packages/urllib3/connectionpool.py:1110: InsecureRequestWarning: Unverified HTTPS request is being made to host 'api.dprv6-k8s.lguplus.co.kr'. Adding certificate verification is strongly advised. See: https://urllib3.readthedocs.io/en/latest/advanced-usage.html#tls-warnings
  warnings.warn(
/app/.venv/lib/python3.12/site-packages/urllib3/connectionpool.py:1110: InsecureRequestWarning: Unverified HTTPS request is being made to host 'api.dprv6-k8s.lguplus.co.kr'. Adding certificate verification is strongly advised. See: https://urllib3.readthedocs.io/en/latest/advanced-usage.html#tls-warnings
  warnings.warn(
/app/.venv/lib/python3.12/site-packages/urllib3/connectionpool.py:1110: InsecureRequestWarning: Unverified HTTPS request is being made to host 'api.dprv6-k8s.lguplus.co.kr'. Adding certificate verification is strongly advised. See: https://urllib3.readthedocs.io/en/latest/advanced-usage.html#tls-warnings
  warnings.warn(
/app/.venv/lib/python3.12/site-packages/urllib3/connectionpool.py:1110: InsecureRequestWarning: Unverified HTTPS request is being made to host 'api.dprv6-k8s.lguplus.co.kr'. Adding certificate verification is strongly advised. See: https://urllib3.readthedocs.io/en/latest/advanced-usage.html#tls-warnings
  warnings.warn(
/app/.venv/lib/python3.12/site-packages/urllib3/connectionpool.py:1110: InsecureRequestWarning: Unverified HTTPS request is being made to host 'api.dprv6-k8s.lguplus.co.kr'. Adding certificate verification is strongly advised. See: https://urllib3.readthedocs.io/en/latest/advanced-usage.html#tls-warnings
  warnings.warn(
/app/.venv/lib/python3.12/site-packages/urllib3/connectionpool.py:1110: InsecureRequestWarning: Unverified HTTPS request is being made to host 'api.dprv6-k8s.lguplus.co.kr'. Adding certificate verification is strongly advised. See: https://urllib3.readthedocs.io/en/latest/advanced-usage.html#tls-warnings
  warnings.warn(
/app/.venv/lib/python3.12/site-packages/urllib3/connectionpool.py:1110: InsecureRequestWarning: Unverified HTTPS request is being made to host 'api.dprv6-k8s.lguplus.co.kr'. Adding certificate verification is strongly advised. See: https://urllib3.readthedocs.io/en/latest/advanced-usage.html#tls-warnings
  warnings.warn(
/app/.venv/lib/python3.12/site-packages/urllib3/connectionpool.py:1110: InsecureRequestWarning: Unverified HTTPS request is being made to host 'api.dprv6-k8s.lguplus.co.kr'. Adding certificate verification is strongly advised. See: https://urllib3.readthedocs.io/en/latest/advanced-usage.html#tls-warnings
  warnings.warn(
/app/.venv/lib/python3.12/site-packages/urllib3/connectionpool.py:1110: InsecureRequestWarning: Unverified HTTPS request is being made to host 'api.dprv6-k8s.lguplus.co.kr'. Adding certificate verification is strongly advised. See: https://urllib3.readthedocs.io/en/latest/advanced-usage.html#tls-warnings
  warnings.warn(
/app/.venv/lib/python3.12/site-packages/urllib3/connectionpool.py:1110: InsecureRequestWarning: Unverified HTTPS request is being made to host 'api.dprv6-k8s.lguplus.co.kr'. Adding certificate verification is strongly advised. See: https://urllib3.readthedocs.io/en/latest/advanced-usage.html#tls-warnings
  warnings.warn(
/app/.venv/lib/python3.12/site-packages/urllib3/connectionpool.py:1110: InsecureRequestWarning: Unverified HTTPS request is being made to host 'api.dprv6-k8s.lguplus.co.kr'. Adding certificate verification is strongly advised. See: https://urllib3.readthedocs.io/en/latest/advanced-usage.html#tls-warnings
  warnings.warn(
/app/.venv/lib/python3.12/site-packages/urllib3/connectionpool.py:1110: InsecureRequestWarning: Unverified HTTPS request is being made to host 'api.dprv6-k8s.lguplus.co.kr'. Adding certificate verification is strongly advised. See: https://urllib3.readthedocs.io/en/latest/advanced-usage.html#tls-warnings
  warnings.warn(
/app/.venv/lib/python3.12/site-packages/urllib3/connectionpool.py:1110: InsecureRequestWarning: Unverified HTTPS request is being made to host 'api.dprv6-k8s.lguplus.co.kr'. Adding certificate verification is strongly advised. See: https://urllib3.readthedocs.io/en/latest/advanced-usage.html#tls-warnings
  warnings.warn(
/app/.venv/lib/python3.12/site-packages/urllib3/connectionpool.py:1110: InsecureRequestWarning: Unverified HTTPS request is being made to host 'api.dprv6-k8s.lguplus.co.kr'. Adding certificate verification is strongly advised. See: https://urllib3.readthedocs.io/en/latest/advanced-usage.html#tls-warnings
  warnings.warn(
/app/.venv/lib/python3.12/site-packages/urllib3/connectionpool.py:1110: InsecureRequestWarning: Unverified HTTPS request is being made to host 'api.dprv6-k8s.lguplus.co.kr'. Adding certificate verification is strongly advised. See: https://urllib3.readthedocs.io/en/latest/advanced-usage.html#tls-warnings
  warnings.warn(
/app/.venv/lib/python3.12/site-packages/urllib3/connectionpool.py:1110: InsecureRequestWarning: Unverified HTTPS request is being made to host 'api.dprv6-k8s.lguplus.co.kr'. Adding certificate verification is strongly advised. See: https://urllib3.readthedocs.io/en/latest/advanced-usage.html#tls-warnings
  warnings.warn(
/app/.venv/lib/python3.12/site-packages/urllib3/connectionpool.py:1110: InsecureRequestWarning: Unverified HTTPS request is being made to host 'api.dprv6-k8s.lguplus.co.kr'. Adding certificate verification is strongly advised. See: https://urllib3.readthedocs.io/en/latest/advanced-usage.html#tls-warnings
  warnings.warn(
/app/.venv/lib/python3.12/site-packages/urllib3/connectionpool.py:1110: InsecureRequestWarning: Unverified HTTPS request is being made to host 'api.dprv6-k8s.lguplus.co.kr'. Adding certificate verification is strongly advised. See: https://urllib3.readthedocs.io/en/latest/advanced-usage.html#tls-warnings
  warnings.warn(
/app/.venv/lib/python3.12/site-packages/urllib3/connectionpool.py:1110: InsecureRequestWarning: Unverified HTTPS request is being made to host 'api.dprv6-k8s.lguplus.co.kr'. Adding certificate verification is strongly advised. See: https://urllib3.readthedocs.io/en/latest/advanced-usage.html#tls-warnings
  warnings.warn(
/app/.venv/lib/python3.12/site-packages/urllib3/connectionpool.py:1110: InsecureRequestWarning: Unverified HTTPS request is being made to host 'api.dprv6-k8s.lguplus.co.kr'. Adding certificate verification is strongly advised. See: https://urllib3.readthedocs.io/en/latest/advanced-usage.html#tls-warnings
  warnings.warn(
INFO:backend.app.services.k8s_collector:Skip API network.openshift.io/v1 kind=NetNamespace (No matches found for {'api_version': 'network.openshift.io/v1', 'kind': 'NetNamespace'})
/app/.venv/lib/python3.12/site-packages/urllib3/connectionpool.py:1110: InsecureRequestWarning: Unverified HTTPS request is being made to host 'api.dprv6-k8s.lguplus.co.kr'. Adding certificate verification is strongly advised. See: https://urllib3.readthedocs.io/en/latest/advanced-usage.html#tls-warnings
  warnings.warn(
/app/.venv/lib/python3.12/site-packages/urllib3/connectionpool.py:1110: InsecureRequestWarning: Unverified HTTPS request is being made to host 'api.dprv6-k8s.lguplus.co.kr'. Adding certificate verification is strongly advised. See: https://urllib3.readthedocs.io/en/latest/advanced-usage.html#tls-warnings
  warnings.warn(
/app/.venv/lib/python3.12/site-packages/urllib3/connectionpool.py:1110: InsecureRequestWarning: Unverified HTTPS request is being made to host 'api.dprv6-k8s.lguplus.co.kr'. Adding certificate verification is strongly advised. See: https://urllib3.readthedocs.io/en/latest/advanced-usage.html#tls-warnings
  warnings.warn(
/app/.venv/lib/python3.12/site-packages/urllib3/connectionpool.py:1110: InsecureRequestWarning: Unverified HTTPS request is being made to host 'api.dprv6-k8s.lguplus.co.kr'. Adding certificate verification is strongly advised. See: https://urllib3.readthedocs.io/en/latest/advanced-usage.html#tls-warnings
  warnings.warn(
/app/.venv/lib/python3.12/site-packages/urllib3/connectionpool.py:1110: InsecureRequestWarning: Unverified HTTPS request is being made to host 'api.dprv6-k8s.lguplus.co.kr'. Adding certificate verification is strongly advised. See: https://urllib3.readthedocs.io/en/latest/advanced-usage.html#tls-warnings
  warnings.warn(
/app/.venv/lib/python3.12/site-packages/urllib3/connectionpool.py:1110: InsecureRequestWarning: Unverified HTTPS request is being made to host 'api.dprv6-k8s.lguplus.co.kr'. Adding certificate verification is strongly advised. See: https://urllib3.readthedocs.io/en/latest/advanced-usage.html#tls-warnings
  warnings.warn(
/app/.venv/lib/python3.12/site-packages/urllib3/connectionpool.py:1110: InsecureRequestWarning: Unverified HTTPS request is being made to host 'api.dprv6-k8s.lguplus.co.kr'. Adding certificate verification is strongly advised. See: https://urllib3.readthedocs.io/en/latest/advanced-usage.html#tls-warnings
  warnings.warn(
/app/.venv/lib/python3.12/site-packages/urllib3/connectionpool.py:1110: InsecureRequestWarning: Unverified HTTPS request is being made to host 'api.dprv6-k8s.lguplus.co.kr'. Adding certificate verification is strongly advised. See: https://urllib3.readthedocs.io/en/latest/advanced-usage.html#tls-warnings
  warnings.warn(
/app/.venv/lib/python3.12/site-packages/urllib3/connectionpool.py:1110: InsecureRequestWarning: Unverified HTTPS request is being made to host 'api.dprv6-k8s.lguplus.co.kr'. Adding certificate verification is strongly advised. See: https://urllib3.readthedocs.io/en/latest/advanced-usage.html#tls-warnings
  warnings.warn(
/app/.venv/lib/python3.12/site-packages/urllib3/connectionpool.py:1110: InsecureRequestWarning: Unverified HTTPS request is being made to host 'api.dprv6-k8s.lguplus.co.kr'. Adding certificate verification is strongly advised. See: https://urllib3.readthedocs.io/en/latest/advanced-usage.html#tls-warnings
  warnings.warn(
/app/.venv/lib/python3.12/site-packages/urllib3/connectionpool.py:1110: InsecureRequestWarning: Unverified HTTPS request is being made to host 'api.dprv6-k8s.lguplus.co.kr'. Adding certificate verification is strongly advised. See: https://urllib3.readthedocs.io/en/latest/advanced-usage.html#tls-warnings
  warnings.warn(
/app/.venv/lib/python3.12/site-packages/urllib3/connectionpool.py:1110: InsecureRequestWarning: Unverified HTTPS request is being made to host 'api.dprv6-k8s.lguplus.co.kr'. Adding certificate verification is strongly advised. See: https://urllib3.readthedocs.io/en/latest/advanced-usage.html#tls-warnings
  warnings.warn(
/app/.venv/lib/python3.12/site-packages/urllib3/connectionpool.py:1110: InsecureRequestWarning: Unverified HTTPS request is being made to host 'api.dprv6-k8s.lguplus.co.kr'. Adding certificate verification is strongly advised. See: https://urllib3.readthedocs.io/en/latest/advanced-usage.html#tls-warnings
  warnings.warn(
/app/.venv/lib/python3.12/site-packages/urllib3/connectionpool.py:1110: InsecureRequestWarning: Unverified HTTPS request is being made to host 'api.dprv6-k8s.lguplus.co.kr'. Adding certificate verification is strongly advised. See: https://urllib3.readthedocs.io/en/latest/advanced-usage.html#tls-warnings
  warnings.warn(
/app/.venv/lib/python3.12/site-packages/urllib3/connectionpool.py:1110: InsecureRequestWarning: Unverified HTTPS request is being made to host 'api.dprv6-k8s.lguplus.co.kr'. Adding certificate verification is strongly advised. See: https://urllib3.readthedocs.io/en/latest/advanced-usage.html#tls-warnings
  warnings.warn(
/app/.venv/lib/python3.12/site-packages/urllib3/connectionpool.py:1110: InsecureRequestWarning: Unverified HTTPS request is being made to host 'api.dprv6-k8s.lguplus.co.kr'. Adding certificate verification is strongly advised. See: https://urllib3.readthedocs.io/en/latest/advanced-usage.html#tls-warnings
  warnings.warn(
/app/.venv/lib/python3.12/site-packages/urllib3/connectionpool.py:1110: InsecureRequestWarning: Unverified HTTPS request is being made to host 'api.dprv6-k8s.lguplus.co.kr'. Adding certificate verification is strongly advised. See: https://urllib3.readthedocs.io/en/latest/advanced-usage.html#tls-warnings
  warnings.warn(
/app/.venv/lib/python3.12/site-packages/urllib3/connectionpool.py:1110: InsecureRequestWarning: Unverified HTTPS request is being made to host 'api.dprv6-k8s.lguplus.co.kr'. Adding certificate verification is strongly advised. See: https://urllib3.readthedocs.io/en/latest/advanced-usage.html#tls-warnings
  warnings.warn(
/app/.venv/lib/python3.12/site-packages/urllib3/connectionpool.py:1110: InsecureRequestWarning: Unverified HTTPS request is being made to host 'api.dprv6-k8s.lguplus.co.kr'. Adding certificate verification is strongly advised. See: https://urllib3.readthedocs.io/en/latest/advanced-usage.html#tls-warnings
  warnings.warn(
/app/.venv/lib/python3.12/site-packages/urllib3/connectionpool.py:1110: InsecureRequestWarning: Unverified HTTPS request is being made to host 'api.dprv6-k8s.lguplus.co.kr'. Adding certificate verification is strongly advised. See: https://urllib3.readthedocs.io/en/latest/advanced-usage.html#tls-warnings
  warnings.warn(
/app/.venv/lib/python3.12/site-packages/urllib3/connectionpool.py:1110: InsecureRequestWarning: Unverified HTTPS request is being made to host 'api.dprv6-k8s.lguplus.co.kr'. Adding certificate verification is strongly advised. See: https://urllib3.readthedocs.io/en/latest/advanced-usage.html#tls-warnings
  warnings.warn(
/app/.venv/lib/python3.12/site-packages/urllib3/connectionpool.py:1110: InsecureRequestWarning: Unverified HTTPS request is being made to host 'api.dprv6-k8s.lguplus.co.kr'. Adding certificate verification is strongly advised. See: https://urllib3.readthedocs.io/en/latest/advanced-usage.html#tls-warnings
  warnings.warn(
/app/.venv/lib/python3.12/site-packages/urllib3/connectionpool.py:1110: InsecureRequestWarning: Unverified HTTPS request is being made to host 'api.dprv6-k8s.lguplus.co.kr'. Adding certificate verification is strongly advised. See: https://urllib3.readthedocs.io/en/latest/advanced-usage.html#tls-warnings
  warnings.warn(
/app/.venv/lib/python3.12/site-packages/urllib3/connectionpool.py:1110: InsecureRequestWarning: Unverified HTTPS request is being made to host 'api.dprv6-k8s.lguplus.co.kr'. Adding certificate verification is strongly advised. See: https://urllib3.readthedocs.io/en/latest/advanced-usage.html#tls-warnings
  warnings.warn(
/app/.venv/lib/python3.12/site-packages/urllib3/connectionpool.py:1110: InsecureRequestWarning: Unverified HTTPS request is being made to host 'api.dprv6-k8s.lguplus.co.kr'. Adding certificate verification is strongly advised. See: https://urllib3.readthedocs.io/en/latest/advanced-usage.html#tls-warnings
  warnings.warn(
/app/.venv/lib/python3.12/site-packages/urllib3/connectionpool.py:1110: InsecureRequestWarning: Unverified HTTPS request is being made to host 'api.dprv6-k8s.lguplus.co.kr'. Adding certificate verification is strongly advised. See: https://urllib3.readthedocs.io/en/latest/advanced-usage.html#tls-warnings
  warnings.warn(
/app/.venv/lib/python3.12/site-packages/urllib3/connectionpool.py:1110: InsecureRequestWarning: Unverified HTTPS request is being made to host 'api.dprv6-k8s.lguplus.co.kr'. Adding certificate verification is strongly advised. See: https://urllib3.readthedocs.io/en/latest/advanced-usage.html#tls-warnings
  warnings.warn(
/app/.venv/lib/python3.12/site-packages/urllib3/connectionpool.py:1110: InsecureRequestWarning: Unverified HTTPS request is being made to host 'api.dprv6-k8s.lguplus.co.kr'. Adding certificate verification is strongly advised. See: https://urllib3.readthedocs.io/en/latest/advanced-usage.html#tls-warnings
  warnings.warn(
/app/.venv/lib/python3.12/site-packages/urllib3/connectionpool.py:1110: InsecureRequestWarning: Unverified HTTPS request is being made to host 'api.dprv6-k8s.lguplus.co.kr'. Adding certificate verification is strongly advised. See: https://urllib3.readthedocs.io/en/latest/advanced-usage.html#tls-warnings
  warnings.warn(
/app/.venv/lib/python3.12/site-packages/urllib3/connectionpool.py:1110: InsecureRequestWarning: Unverified HTTPS request is being made to host 'api.dprv6-k8s.lguplus.co.kr'. Adding certificate verification is strongly advised. See: https://urllib3.readthedocs.io/en/latest/advanced-usage.html#tls-warnings
  warnings.warn(
/app/.venv/lib/python3.12/site-packages/urllib3/connectionpool.py:1110: InsecureRequestWarning: Unverified HTTPS request is being made to host 'api.dprv6-k8s.lguplus.co.kr'. Adding certificate verification is strongly advised. See: https://urllib3.readthedocs.io/en/latest/advanced-usage.html#tls-warnings
  warnings.warn(
/app/.venv/lib/python3.12/site-packages/urllib3/connectionpool.py:1110: InsecureRequestWarning: Unverified HTTPS request is being made to host 'api.dprv6-k8s.lguplus.co.kr'. Adding certificate verification is strongly advised. See: https://urllib3.readthedocs.io/en/latest/advanced-usage.html#tls-warnings
  warnings.warn(
/app/.venv/lib/python3.12/site-packages/urllib3/connectionpool.py:1110: InsecureRequestWarning: Unverified HTTPS request is being made to host 'api.dprv6-k8s.lguplus.co.kr'. Adding certificate verification is strongly advised. See: https://urllib3.readthedocs.io/en/latest/advanced-usage.html#tls-warnings
  warnings.warn(
/app/.venv/lib/python3.12/site-packages/urllib3/connectionpool.py:1110: InsecureRequestWarning: Unverified HTTPS request is being made to host 'api.dprv6-k8s.lguplus.co.kr'. Adding certificate verification is strongly advised. See: https://urllib3.readthedocs.io/en/latest/advanced-usage.html#tls-warnings
  warnings.warn(
/app/.venv/lib/python3.12/site-packages/urllib3/connectionpool.py:1110: InsecureRequestWarning: Unverified HTTPS request is being made to host 'api.dprv6-k8s.lguplus.co.kr'. Adding certificate verification is strongly advised. See: https://urllib3.readthedocs.io/en/latest/advanced-usage.html#tls-warnings
  warnings.warn(
/app/.venv/lib/python3.12/site-packages/urllib3/connectionpool.py:1110: InsecureRequestWarning: Unverified HTTPS request is being made to host 'api.dprv6-k8s.lguplus.co.kr'. Adding certificate verification is strongly advised. See: https://urllib3.readthedocs.io/en/latest/advanced-usage.html#tls-warnings
  warnings.warn(
/app/.venv/lib/python3.12/site-packages/urllib3/connectionpool.py:1110: InsecureRequestWarning: Unverified HTTPS request is being made to host 'api.dprv6-k8s.lguplus.co.kr'. Adding certificate verification is strongly advised. See: https://urllib3.readthedocs.io/en/latest/advanced-usage.html#tls-warnings
  warnings.warn(
/app/.venv/lib/python3.12/site-packages/urllib3/connectionpool.py:1110: InsecureRequestWarning: Unverified HTTPS request is being made to host 'api.dprv6-k8s.lguplus.co.kr'. Adding certificate verification is strongly advised. See: https://urllib3.readthedocs.io/en/latest/advanced-usage.html#tls-warnings
  warnings.warn(
/app/.venv/lib/python3.12/site-packages/urllib3/connectionpool.py:1110: InsecureRequestWarning: Unverified HTTPS request is being made to host 'api.dprv6-k8s.lguplus.co.kr'. Adding certificate verification is strongly advised. See: https://urllib3.readthedocs.io/en/latest/advanced-usage.html#tls-warnings
  warnings.warn(
/app/.venv/lib/python3.12/site-packages/urllib3/connectionpool.py:1110: InsecureRequestWarning: Unverified HTTPS request is being made to host 'api.dprv6-k8s.lguplus.co.kr'. Adding certificate verification is strongly advised. See: https://urllib3.readthedocs.io/en/latest/advanced-usage.html#tls-warnings
  warnings.warn(
/app/.venv/lib/python3.12/site-packages/urllib3/connectionpool.py:1110: InsecureRequestWarning: Unverified HTTPS request is being made to host 'api.dprv6-k8s.lguplus.co.kr'. Adding certificate verification is strongly advised. See: https://urllib3.readthedocs.io/en/latest/advanced-usage.html#tls-warnings
  warnings.warn(
/app/.venv/lib/python3.12/site-packages/urllib3/connectionpool.py:1110: InsecureRequestWarning: Unverified HTTPS request is being made to host 'api.dprv6-k8s.lguplus.co.kr'. Adding certificate verification is strongly advised. See: https://urllib3.readthedocs.io/en/latest/advanced-usage.html#tls-warnings
  warnings.warn(
/app/.venv/lib/python3.12/site-packages/urllib3/connectionpool.py:1110: InsecureRequestWarning: Unverified HTTPS request is being made to host 'api.dprv6-k8s.lguplus.co.kr'. Adding certificate verification is strongly advised. See: https://urllib3.readthedocs.io/en/latest/advanced-usage.html#tls-warnings
  warnings.warn(
/app/.venv/lib/python3.12/site-packages/urllib3/connectionpool.py:1110: InsecureRequestWarning: Unverified HTTPS request is being made to host 'api.dprv6-k8s.lguplus.co.kr'. Adding certificate verification is strongly advised. See: https://urllib3.readthedocs.io/en/latest/advanced-usage.html#tls-warnings
  warnings.warn(
/app/.venv/lib/python3.12/site-packages/urllib3/connectionpool.py:1110: InsecureRequestWarning: Unverified HTTPS request is being made to host 'api.dprv6-k8s.lguplus.co.kr'. Adding certificate verification is strongly advised. See: https://urllib3.readthedocs.io/en/latest/advanced-usage.html#tls-warnings
  warnings.warn(
/app/.venv/lib/python3.12/site-packages/urllib3/connectionpool.py:1110: InsecureRequestWarning: Unverified HTTPS request is being made to host 'api.dprv6-k8s.lguplus.co.kr'. Adding certificate verification is strongly advised. See: https://urllib3.readthedocs.io/en/latest/advanced-usage.html#tls-warnings
  warnings.warn(
/app/.venv/lib/python3.12/site-packages/urllib3/connectionpool.py:1110: InsecureRequestWarning: Unverified HTTPS request is being made to host 'api.dprv6-k8s.lguplus.co.kr'. Adding certificate verification is strongly advised. See: https://urllib3.readthedocs.io/en/latest/advanced-usage.html#tls-warnings
  warnings.warn(
/app/.venv/lib/python3.12/site-packages/urllib3/connectionpool.py:1110: InsecureRequestWarning: Unverified HTTPS request is being made to host 'api.dprv6-k8s.lguplus.co.kr'. Adding certificate verification is strongly advised. See: https://urllib3.readthedocs.io/en/latest/advanced-usage.html#tls-warnings
  warnings.warn(
/app/.venv/lib/python3.12/site-packages/urllib3/connectionpool.py:1110: InsecureRequestWarning: Unverified HTTPS request is being made to host 'api.dprv6-k8s.lguplus.co.kr'. Adding certificate verification is strongly advised. See: https://urllib3.readthedocs.io/en/latest/advanced-usage.html#tls-warnings
  warnings.warn(
/app/.venv/lib/python3.12/site-packages/urllib3/connectionpool.py:1110: InsecureRequestWarning: Unverified HTTPS request is being made to host 'api.dprv6-k8s.lguplus.co.kr'. Adding certificate verification is strongly advised. See: https://urllib3.readthedocs.io/en/latest/advanced-usage.html#tls-warnings
  warnings.warn(
/app/.venv/lib/python3.12/site-packages/urllib3/connectionpool.py:1110: InsecureRequestWarning: Unverified HTTPS request is being made to host 'api.dprv6-k8s.lguplus.co.kr'. Adding certificate verification is strongly advised. See: https://urllib3.readthedocs.io/en/latest/advanced-usage.html#tls-warnings
  warnings.warn(
/app/.venv/lib/python3.12/site-packages/urllib3/connectionpool.py:1110: InsecureRequestWarning: Unverified HTTPS request is being made to host 'api.dprv6-k8s.lguplus.co.kr'. Adding certificate verification is strongly advised. See: https://urllib3.readthedocs.io/en/latest/advanced-usage.html#tls-warnings
  warnings.warn(
/app/.venv/lib/python3.12/site-packages/urllib3/connectionpool.py:1110: InsecureRequestWarning: Unverified HTTPS request is being made to host 'api.dprv6-k8s.lguplus.co.kr'. Adding certificate verification is strongly advised. See: https://urllib3.readthedocs.io/en/latest/advanced-usage.html#tls-warnings
  warnings.warn(
/app/.venv/lib/python3.12/site-packages/urllib3/connectionpool.py:1110: InsecureRequestWarning: Unverified HTTPS request is being made to host 'api.dprv6-k8s.lguplus.co.kr'. Adding certificate verification is strongly advised. See: https://urllib3.readthedocs.io/en/latest/advanced-usage.html#tls-warnings
  warnings.warn(
/app/.venv/lib/python3.12/site-packages/urllib3/connectionpool.py:1110: InsecureRequestWarning: Unverified HTTPS request is being made to host 'api.dprv6-k8s.lguplus.co.kr'. Adding certificate verification is strongly advised. See: https://urllib3.readthedocs.io/en/latest/advanced-usage.html#tls-warnings
  warnings.warn(
/app/.venv/lib/python3.12/site-packages/urllib3/connectionpool.py:1110: InsecureRequestWarning: Unverified HTTPS request is being made to host 'api.dprv6-k8s.lguplus.co.kr'. Adding certificate verification is strongly advised. See: https://urllib3.readthedocs.io/en/latest/advanced-usage.html#tls-warnings
  warnings.warn(
/app/.venv/lib/python3.12/site-packages/urllib3/connectionpool.py:1110: InsecureRequestWarning: Unverified HTTPS request is being made to host 'api.dprv6-k8s.lguplus.co.kr'. Adding certificate verification is strongly advised. See: https://urllib3.readthedocs.io/en/latest/advanced-usage.html#tls-warnings
  warnings.warn(
/app/.venv/lib/python3.12/site-packages/urllib3/connectionpool.py:1110: InsecureRequestWarning: Unverified HTTPS request is being made to host 'api.dprv6-k8s.lguplus.co.kr'. Adding certificate verification is strongly advised. See: https://urllib3.readthedocs.io/en/latest/advanced-usage.html#tls-warnings
  warnings.warn(
/app/.venv/lib/python3.12/site-packages/urllib3/connectionpool.py:1110: InsecureRequestWarning: Unverified HTTPS request is being made to host 'api.dprv6-k8s.lguplus.co.kr'. Adding certificate verification is strongly advised. See: https://urllib3.readthedocs.io/en/latest/advanced-usage.html#tls-warnings
  warnings.warn(
/app/.venv/lib/python3.12/site-packages/urllib3/connectionpool.py:1110: InsecureRequestWarning: Unverified HTTPS request is being made to host 'api.dprv6-k8s.lguplus.co.kr'. Adding certificate verification is strongly advised. See: https://urllib3.readthedocs.io/en/latest/advanced-usage.html#tls-warnings
  warnings.warn(
/app/.venv/lib/python3.12/site-packages/urllib3/connectionpool.py:1110: InsecureRequestWarning: Unverified HTTPS request is being made to host 'api.dprv6-k8s.lguplus.co.kr'. Adding certificate verification is strongly advised. See: https://urllib3.readthedocs.io/en/latest/advanced-usage.html#tls-warnings
  warnings.warn(
/app/.venv/lib/python3.12/site-packages/urllib3/connectionpool.py:1110: InsecureRequestWarning: Unverified HTTPS request is being made to host 'api.dprv6-k8s.lguplus.co.kr'. Adding certificate verification is strongly advised. See: https://urllib3.readthedocs.io/en/latest/advanced-usage.html#tls-warnings
  warnings.warn(
/app/.venv/lib/python3.12/site-packages/urllib3/connectionpool.py:1110: InsecureRequestWarning: Unverified HTTPS request is being made to host 'api.dprv6-k8s.lguplus.co.kr'. Adding certificate verification is strongly advised. See: https://urllib3.readthedocs.io/en/latest/advanced-usage.html#tls-warnings
  warnings.warn(
/app/.venv/lib/python3.12/site-packages/urllib3/connectionpool.py:1110: InsecureRequestWarning: Unverified HTTPS request is being made to host 'api.dprv6-k8s.lguplus.co.kr'. Adding certificate verification is strongly advised. See: https://urllib3.readthedocs.io/en/latest/advanced-usage.html#tls-warnings
  warnings.warn(
/app/.venv/lib/python3.12/site-packages/urllib3/connectionpool.py:1110: InsecureRequestWarning: Unverified HTTPS request is being made to host 'api.dprv6-k8s.lguplus.co.kr'. Adding certificate verification is strongly advised. See: https://urllib3.readthedocs.io/en/latest/advanced-usage.html#tls-warnings
  warnings.warn(
/app/.venv/lib/python3.12/site-packages/urllib3/connectionpool.py:1110: InsecureRequestWarning: Unverified HTTPS request is being made to host 'api.dprv6-k8s.lguplus.co.kr'. Adding certificate verification is strongly advised. See: https://urllib3.readthedocs.io/en/latest/advanced-usage.html#tls-warnings
  warnings.warn(
INFO:     10.131.0.190:34342 - "GET /api/debug/teams-power-automate/pending HTTP/1.1" 200 OK
/app/.venv/lib/python3.12/site-packages/urllib3/connectionpool.py:1110: InsecureRequestWarning: Unverified HTTPS request is being made to host 'api.dprv6-k8s.lguplus.co.kr'. Adding certificate verification is strongly advised. See: https://urllib3.readthedocs.io/en/latest/advanced-usage.html#tls-warnings
  warnings.warn(
INFO:backend.app.db.k8s_inventory:Replaced per-cluster inventory cluster=dprv6-k8s idx=1 last_update=2026-08-07 09:59:13 counts={'cluster_id': 1, 'cluster_name': 'dprv6-k8s', 'tables': {'nodes': 'dprv6-k8s_k8s_nodes', 'namespaces': 'dprv6-k8s_k8s_namespaces', 'deployments': 'dprv6-k8s_k8s_deployments', 'pvcs': 'dprv6-k8s_k8s_pvcs'}, 'nodes': 11, 'namespaces': 104, 'deployments': 115, 'pvcs': 5} backups=[]
INFO:     10.131.0.190:34326 - "POST /api/k8s-infra/clusters/1/collect HTTP/1.1" 200 OK
INFO:     10.131.0.190:34350 - "GET /api/k8s-infra/clusters HTTP/1.1" 200 OK
INFO:     10.131.0.190:34352 - "GET /api/debug/teams-power-automate/pending HTTP/1.1" 200 OK
INFO:     10.131.0.190:34376 - "GET /api/debug/tables HTTP/1.1" 500 Internal Server Error
ERROR:    Exception in ASGI application
Traceback (most recent call last):
  File "/app/.venv/lib/python3.12/site-packages/uvicorn/protocols/http/h11_impl.py", line 416, in run_asgi
    result = await app(  # type: ignore[func-returns-value]
             ^^^^^^^^^^^^^^^^^^^^^^^^^^^^^^^^^^^^^^^^^^^^^^
  File "/app/.venv/lib/python3.12/site-packages/uvicorn/middleware/proxy_headers.py", line 63, in __call__
    return await self.app(scope, receive, send)
           ^^^^^^^^^^^^^^^^^^^^^^^^^^^^^^^^^^^^
  File "/app/.venv/lib/python3.12/site-packages/fastapi/applications.py", line 1163, in __call__
    await super().__call__(scope, receive, send)
  File "/app/.venv/lib/python3.12/site-packages/starlette/applications.py", line 90, in __call__
    await self.middleware_stack(scope, receive, send)
  File "/app/.venv/lib/python3.12/site-packages/starlette/middleware/errors.py", line 186, in __call__
    raise exc
  File "/app/.venv/lib/python3.12/site-packages/starlette/middleware/errors.py", line 164, in __call__
    await self.app(scope, receive, _send)
  File "/app/.venv/lib/python3.12/site-packages/starlette/middleware/base.py", line 193, in __call__
    response = await self.dispatch_func(request, call_next)
               ^^^^^^^^^^^^^^^^^^^^^^^^^^^^^^^^^^^^^^^^^^^^
  File "/app/backend/app/middleware/session_auth.py", line 71, in dispatch
    return await call_next(request)
           ^^^^^^^^^^^^^^^^^^^^^^^^
  File "/app/.venv/lib/python3.12/site-packages/starlette/middleware/base.py", line 168, in call_next
    raise app_exc from app_exc.__cause__ or app_exc.__context__
  File "/app/.venv/lib/python3.12/site-packages/starlette/middleware/base.py", line 144, in coro
    await self.app(scope, receive_or_disconnect, send_no_error)
  File "/app/.venv/lib/python3.12/site-packages/starlette/middleware/cors.py", line 88, in __call__
    await self.app(scope, receive, send)
  File "/app/.venv/lib/python3.12/site-packages/starlette/middleware/exceptions.py", line 63, in __call__
    await wrap_app_handling_exceptions(self.app, conn)(scope, receive, send)
  File "/app/.venv/lib/python3.12/site-packages/starlette/_exception_handler.py", line 53, in wrapped_app
    raise exc
  File "/app/.venv/lib/python3.12/site-packages/starlette/_exception_handler.py", line 42, in wrapped_app
    await app(scope, receive, sender)
  File "/app/.venv/lib/python3.12/site-packages/fastapi/middleware/asyncexitstack.py", line 18, in __call__
    await self.app(scope, receive, send)
  File "/app/.venv/lib/python3.12/site-packages/starlette/routing.py", line 660, in __call__
    await self.middleware_stack(scope, receive, send)
  File "/app/.venv/lib/python3.12/site-packages/fastapi/routing.py", line 2683, in app
    await route.handle(scope, receive, send)
  File "/app/.venv/lib/python3.12/site-packages/fastapi/routing.py", line 1753, in handle
    await self.original_router.handle(scope, receive, send)
  File "/app/.venv/lib/python3.12/site-packages/fastapi/routing.py", line 2738, in handle
    await included_router._handle_selected(scope, receive, send)
  File "/app/.venv/lib/python3.12/site-packages/fastapi/routing.py", line 1773, in _handle_selected
    await original_route.handle(scope, receive, send)
  File "/app/.venv/lib/python3.12/site-packages/fastapi/routing.py", line 1264, in handle
    await app(scope, receive, send)
  File "/app/.venv/lib/python3.12/site-packages/fastapi/routing.py", line 150, in app
    await wrap_app_handling_exceptions(app, request)(scope, receive, send)
  File "/app/.venv/lib/python3.12/site-packages/starlette/_exception_handler.py", line 53, in wrapped_app
    raise exc
  File "/app/.venv/lib/python3.12/site-packages/starlette/_exception_handler.py", line 42, in wrapped_app
    await app(scope, receive, sender)
  File "/app/.venv/lib/python3.12/site-packages/fastapi/routing.py", line 136, in app
    response = await f(request)
               ^^^^^^^^^^^^^^^^
  File "/app/.venv/lib/python3.12/site-packages/fastapi/routing.py", line 690, in app
    raw_response = await run_endpoint_function(
                   ^^^^^^^^^^^^^^^^^^^^^^^^^^^^
  File "/app/.venv/lib/python3.12/site-packages/fastapi/routing.py", line 344, in run_endpoint_function
    return await dependant.call(**values)
           ^^^^^^^^^^^^^^^^^^^^^^^^^^^^^^
  File "/app/backend/app/api/debug.py", line 127, in get_all_tables
    columns, column_types, _notnull, primary_key = _table_column_meta(connection, table_name)
                                                   ^^^^^^^^^^^^^^^^^^^^^^^^^^^^^^^^^^^^^^^^^^
  File "/app/backend/app/api/debug.py", line 77, in _table_column_meta
    quoted = _quote_ident(table_name)
             ^^^^^^^^^^^^^^^^^^^^^^^^
  File "/app/backend/app/api/debug.py", line 48, in _quote_ident
    raise ValueError(f"Unsafe table name: {name}")
ValueError: Unsafe table name: dprv6-k8s_k8s_deployments
INFO:     10.131.0.190:34364 - "GET /api/jobs?status_code=0 HTTP/1.1" 200 OK
INFO:     10.131.0.190:34400 - "GET /api/debug/teams-power-automate/pending HTTP/1.1" 200 OK
INFO:     10.131.0.190:34388 - "GET /api/jobs/workflow HTTP/1.1" 200 OK
INFO:     10.131.0.190:34404 - "GET /api/agents HTTP/1.1" 200 OK
INFO:     10.131.0.190:34420 - "GET /api/users?viewer_role=0 HTTP/1.1" 200 OK
INFO:     10.131.0.190:45610 - "GET /api/debug/teams-power-automate/pending HTTP/1.1" 200 OK
INFO:     10.131.0.190:45622 - "GET /api/debug/teams-power-automate/pending HTTP/1.1" 200 OK
INFO:     10.131.0.190:45652 - "GET /api/health HTTP/1.1" 200 OK
INFO:     10.131.0.190:45668 - "GET /api/users?viewer_role=1 HTTP/1.1" 200 OK
INFO:     10.131.0.190:45638 - "GET /api/agents HTTP/1.1" 200 OK
INFO:     10.131.0.190:45672 - "GET /api/debug/teams-power-automate/pending HTTP/1.1" 200 OK
INFO:     10.131.0.190:45684 - "GET /api/debug/tables HTTP/1.1" 500 Internal Server Error
ERROR:    Exception in ASGI application
Traceback (most recent call last):
  File "/app/.venv/lib/python3.12/site-packages/uvicorn/protocols/http/h11_impl.py", line 416, in run_asgi
    result = await app(  # type: ignore[func-returns-value]
             ^^^^^^^^^^^^^^^^^^^^^^^^^^^^^^^^^^^^^^^^^^^^^^
  File "/app/.venv/lib/python3.12/site-packages/uvicorn/middleware/proxy_headers.py", line 63, in __call__
    return await self.app(scope, receive, send)
           ^^^^^^^^^^^^^^^^^^^^^^^^^^^^^^^^^^^^
  File "/app/.venv/lib/python3.12/site-packages/fastapi/applications.py", line 1163, in __call__
    await super().__call__(scope, receive, send)
  File "/app/.venv/lib/python3.12/site-packages/starlette/applications.py", line 90, in __call__
    await self.middleware_stack(scope, receive, send)
  File "/app/.venv/lib/python3.12/site-packages/starlette/middleware/errors.py", line 186, in __call__
    raise exc
  File "/app/.venv/lib/python3.12/site-packages/starlette/middleware/errors.py", line 164, in __call__
    await self.app(scope, receive, _send)
  File "/app/.venv/lib/python3.12/site-packages/starlette/middleware/base.py", line 193, in __call__
    response = await self.dispatch_func(request, call_next)
               ^^^^^^^^^^^^^^^^^^^^^^^^^^^^^^^^^^^^^^^^^^^^
  File "/app/backend/app/middleware/session_auth.py", line 71, in dispatch
    return await call_next(request)
           ^^^^^^^^^^^^^^^^^^^^^^^^
  File "/app/.venv/lib/python3.12/site-packages/starlette/middleware/base.py", line 168, in call_next
    raise app_exc from app_exc.__cause__ or app_exc.__context__
  File "/app/.venv/lib/python3.12/site-packages/starlette/middleware/base.py", line 144, in coro
    await self.app(scope, receive_or_disconnect, send_no_error)
  File "/app/.venv/lib/python3.12/site-packages/starlette/middleware/cors.py", line 88, in __call__
    await self.app(scope, receive, send)
  File "/app/.venv/lib/python3.12/site-packages/starlette/middleware/exceptions.py", line 63, in __call__
    await wrap_app_handling_exceptions(self.app, conn)(scope, receive, send)
  File "/app/.venv/lib/python3.12/site-packages/starlette/_exception_handler.py", line 53, in wrapped_app
    raise exc
  File "/app/.venv/lib/python3.12/site-packages/starlette/_exception_handler.py", line 42, in wrapped_app
    await app(scope, receive, sender)
  File "/app/.venv/lib/python3.12/site-packages/fastapi/middleware/asyncexitstack.py", line 18, in __call__
    await self.app(scope, receive, send)
  File "/app/.venv/lib/python3.12/site-packages/starlette/routing.py", line 660, in __call__
    await self.middleware_stack(scope, receive, send)
  File "/app/.venv/lib/python3.12/site-packages/fastapi/routing.py", line 2683, in app
    await route.handle(scope, receive, send)
  File "/app/.venv/lib/python3.12/site-packages/fastapi/routing.py", line 1753, in handle
    await self.original_router.handle(scope, receive, send)
  File "/app/.venv/lib/python3.12/site-packages/fastapi/routing.py", line 2738, in handle
    await included_router._handle_selected(scope, receive, send)
  File "/app/.venv/lib/python3.12/site-packages/fastapi/routing.py", line 1773, in _handle_selected
    await original_route.handle(scope, receive, send)
  File "/app/.venv/lib/python3.12/site-packages/fastapi/routing.py", line 1264, in handle
    await app(scope, receive, send)
  File "/app/.venv/lib/python3.12/site-packages/fastapi/routing.py", line 150, in app
    await wrap_app_handling_exceptions(app, request)(scope, receive, send)
  File "/app/.venv/lib/python3.12/site-packages/starlette/_exception_handler.py", line 53, in wrapped_app
    raise exc
  File "/app/.venv/lib/python3.12/site-packages/starlette/_exception_handler.py", line 42, in wrapped_app
    await app(scope, receive, sender)
  File "/app/.venv/lib/python3.12/site-packages/fastapi/routing.py", line 136, in app
    response = await f(request)
               ^^^^^^^^^^^^^^^^
  File "/app/.venv/lib/python3.12/site-packages/fastapi/routing.py", line 690, in app
    raw_response = await run_endpoint_function(
                   ^^^^^^^^^^^^^^^^^^^^^^^^^^^^
  File "/app/.venv/lib/python3.12/site-packages/fastapi/routing.py", line 344, in run_endpoint_function
    return await dependant.call(**values)
           ^^^^^^^^^^^^^^^^^^^^^^^^^^^^^^
  File "/app/backend/app/api/debug.py", line 127, in get_all_tables
    columns, column_types, _notnull, primary_key = _table_column_meta(connection, table_name)
                                                   ^^^^^^^^^^^^^^^^^^^^^^^^^^^^^^^^^^^^^^^^^^
  File "/app/backend/app/api/debug.py", line 77, in _table_column_meta
    quoted = _quote_ident(table_name)
             ^^^^^^^^^^^^^^^^^^^^^^^^
  File "/app/backend/app/api/debug.py", line 48, in _quote_ident
    raise ValueError(f"Unsafe table name: {name}")
ValueError: Unsafe table name: dprv6-k8s_k8s_deployments
INFO:     10.131.0.190:45690 - "GET /api/debug/teams-power-automate/pending HTTP/1.1" 200 OK
INFO:     10.131.0.190:45692 - "GET /api/jobs?status_code=0 HTTP/1.1" 200 OK
INFO:     10.131.0.190:45702 - "GET /api/jobs/workflow HTTP/1.1" 200 OK
INFO:     10.131.0.190:38108 - "GET /api/debug/teams-power-automate/pending HTTP/1.1" 200 OK
INFO:     10.131.0.190:38122 - "GET /api/debug/teams-power-automate/pending HTTP/1.1" 200 OK
INFO:     10.131.0.190:38130 - "GET /api/agents HTTP/1.1" 200 OK
INFO:     10.131.0.190:38140 - "GET /api/users?viewer_role=0 HTTP/1.1" 200 OK
INFO:     10.131.0.190:38148 - "GET /api/debug/teams-power-automate/pending HTTP/1.1" 200 OK
INFO:     10.131.0.190:38160 - "GET /api/agentruntime HTTP/1.1" 200 OK
INFO:     10.131.0.190:38176 - "GET /api/health HTTP/1.1" 200 OK
INFO:     10.131.0.190:37572 - "GET /api/debug/teams-power-automate/pending HTTP/1.1" 200 OK
INFO:     10.131.0.190:37582 - "GET /api/debug/teams-power-automate/pending HTTP/1.1" 200 OK
INFO:     10.131.0.190:37584 - "GET /api/debug/teams-power-automate/pending HTTP/1.1" 200 OK
INFO:     10.131.0.190:37598 - "GET /api/k8s-infra/clusters HTTP/1.1" 200 OK
INFO:     10.131.0.190:37614 - "GET /api/debug/teams-power-automate/pending HTTP/1.1" 200 OK
INFO:     10.131.0.190:56810 - "GET /api/debug/teams-power-automate/pending HTTP/1.1" 200 OK
INFO:     10.131.0.190:56822 - "GET /api/debug/teams-power-automate/pending HTTP/1.1" 200 OK
INFO:     10.131.0.190:56824 - "GET /api/debug/tables HTTP/1.1" 500 Internal Server Error
ERROR:    Exception in ASGI application
Traceback (most recent call last):
  File "/app/.venv/lib/python3.12/site-packages/uvicorn/protocols/http/h11_impl.py", line 416, in run_asgi
    result = await app(  # type: ignore[func-returns-value]
             ^^^^^^^^^^^^^^^^^^^^^^^^^^^^^^^^^^^^^^^^^^^^^^
  File "/app/.venv/lib/python3.12/site-packages/uvicorn/middleware/proxy_headers.py", line 63, in __call__
    return await self.app(scope, receive, send)
           ^^^^^^^^^^^^^^^^^^^^^^^^^^^^^^^^^^^^
  File "/app/.venv/lib/python3.12/site-packages/fastapi/applications.py", line 1163, in __call__
    await super().__call__(scope, receive, send)
  File "/app/.venv/lib/python3.12/site-packages/starlette/applications.py", line 90, in __call__
    await self.middleware_stack(scope, receive, send)
  File "/app/.venv/lib/python3.12/site-packages/starlette/middleware/errors.py", line 186, in __call__
    raise exc
  File "/app/.venv/lib/python3.12/site-packages/starlette/middleware/errors.py", line 164, in __call__
    await self.app(scope, receive, _send)
  File "/app/.venv/lib/python3.12/site-packages/starlette/middleware/base.py", line 193, in __call__
    response = await self.dispatch_func(request, call_next)
               ^^^^^^^^^^^^^^^^^^^^^^^^^^^^^^^^^^^^^^^^^^^^
  File "/app/backend/app/middleware/session_auth.py", line 71, in dispatch
    return await call_next(request)
           ^^^^^^^^^^^^^^^^^^^^^^^^
  File "/app/.venv/lib/python3.12/site-packages/starlette/middleware/base.py", line 168, in call_next
    raise app_exc from app_exc.__cause__ or app_exc.__context__
  File "/app/.venv/lib/python3.12/site-packages/starlette/middleware/base.py", line 144, in coro
    await self.app(scope, receive_or_disconnect, send_no_error)
  File "/app/.venv/lib/python3.12/site-packages/starlette/middleware/cors.py", line 88, in __call__
    await self.app(scope, receive, send)
  File "/app/.venv/lib/python3.12/site-packages/starlette/middleware/exceptions.py", line 63, in __call__
    await wrap_app_handling_exceptions(self.app, conn)(scope, receive, send)
  File "/app/.venv/lib/python3.12/site-packages/starlette/_exception_handler.py", line 53, in wrapped_app
    raise exc
  File "/app/.venv/lib/python3.12/site-packages/starlette/_exception_handler.py", line 42, in wrapped_app
    await app(scope, receive, sender)
  File "/app/.venv/lib/python3.12/site-packages/fastapi/middleware/asyncexitstack.py", line 18, in __call__
    await self.app(scope, receive, send)
  File "/app/.venv/lib/python3.12/site-packages/starlette/routing.py", line 660, in __call__
    await self.middleware_stack(scope, receive, send)
  File "/app/.venv/lib/python3.12/site-packages/fastapi/routing.py", line 2683, in app
    await route.handle(scope, receive, send)
  File "/app/.venv/lib/python3.12/site-packages/fastapi/routing.py", line 1753, in handle
    await self.original_router.handle(scope, receive, send)
  File "/app/.venv/lib/python3.12/site-packages/fastapi/routing.py", line 2738, in handle
    await included_router._handle_selected(scope, receive, send)
  File "/app/.venv/lib/python3.12/site-packages/fastapi/routing.py", line 1773, in _handle_selected
    await original_route.handle(scope, receive, send)
  File "/app/.venv/lib/python3.12/site-packages/fastapi/routing.py", line 1264, in handle
    await app(scope, receive, send)
  File "/app/.venv/lib/python3.12/site-packages/fastapi/routing.py", line 150, in app
    await wrap_app_handling_exceptions(app, request)(scope, receive, send)
  File "/app/.venv/lib/python3.12/site-packages/starlette/_exception_handler.py", line 53, in wrapped_app
    raise exc
  File "/app/.venv/lib/python3.12/site-packages/starlette/_exception_handler.py", line 42, in wrapped_app
    await app(scope, receive, sender)
  File "/app/.venv/lib/python3.12/site-packages/fastapi/routing.py", line 136, in app
    response = await f(request)
               ^^^^^^^^^^^^^^^^
  File "/app/.venv/lib/python3.12/site-packages/fastapi/routing.py", line 690, in app
    raw_response = await run_endpoint_function(
                   ^^^^^^^^^^^^^^^^^^^^^^^^^^^^
  File "/app/.venv/lib/python3.12/site-packages/fastapi/routing.py", line 344, in run_endpoint_function
    return await dependant.call(**values)
           ^^^^^^^^^^^^^^^^^^^^^^^^^^^^^^
  File "/app/backend/app/api/debug.py", line 127, in get_all_tables
    columns, column_types, _notnull, primary_key = _table_column_meta(connection, table_name)
                                                   ^^^^^^^^^^^^^^^^^^^^^^^^^^^^^^^^^^^^^^^^^^
  File "/app/backend/app/api/debug.py", line 77, in _table_column_meta
    quoted = _quote_ident(table_name)
             ^^^^^^^^^^^^^^^^^^^^^^^^
  File "/app/backend/app/api/debug.py", line 48, in _quote_ident
    raise ValueError(f"Unsafe table name: {name}")
ValueError: Unsafe table name: dprv6-k8s_k8s_deployments
INFO:     10.131.0.190:56840 - "GET /api/debug/tables HTTP/1.1" 500 Internal Server Error
ERROR:    Exception in ASGI application
Traceback (most recent call last):
  File "/app/.venv/lib/python3.12/site-packages/uvicorn/protocols/http/h11_impl.py", line 416, in run_asgi
    result = await app(  # type: ignore[func-returns-value]
             ^^^^^^^^^^^^^^^^^^^^^^^^^^^^^^^^^^^^^^^^^^^^^^
  File "/app/.venv/lib/python3.12/site-packages/uvicorn/middleware/proxy_headers.py", line 63, in __call__
    return await self.app(scope, receive, send)
           ^^^^^^^^^^^^^^^^^^^^^^^^^^^^^^^^^^^^
  File "/app/.venv/lib/python3.12/site-packages/fastapi/applications.py", line 1163, in __call__
    await super().__call__(scope, receive, send)
  File "/app/.venv/lib/python3.12/site-packages/starlette/applications.py", line 90, in __call__
    await self.middleware_stack(scope, receive, send)
  File "/app/.venv/lib/python3.12/site-packages/starlette/middleware/errors.py", line 186, in __call__
    raise exc
  File "/app/.venv/lib/python3.12/site-packages/starlette/middleware/errors.py", line 164, in __call__
    await self.app(scope, receive, _send)
  File "/app/.venv/lib/python3.12/site-packages/starlette/middleware/base.py", line 193, in __call__
    response = await self.dispatch_func(request, call_next)
               ^^^^^^^^^^^^^^^^^^^^^^^^^^^^^^^^^^^^^^^^^^^^
  File "/app/backend/app/middleware/session_auth.py", line 71, in dispatch
    return await call_next(request)
           ^^^^^^^^^^^^^^^^^^^^^^^^
  File "/app/.venv/lib/python3.12/site-packages/starlette/middleware/base.py", line 168, in call_next
    raise app_exc from app_exc.__cause__ or app_exc.__context__
  File "/app/.venv/lib/python3.12/site-packages/starlette/middleware/base.py", line 144, in coro
    await self.app(scope, receive_or_disconnect, send_no_error)
  File "/app/.venv/lib/python3.12/site-packages/starlette/middleware/cors.py", line 88, in __call__
    await self.app(scope, receive, send)
  File "/app/.venv/lib/python3.12/site-packages/starlette/middleware/exceptions.py", line 63, in __call__
    await wrap_app_handling_exceptions(self.app, conn)(scope, receive, send)
  File "/app/.venv/lib/python3.12/site-packages/starlette/_exception_handler.py", line 53, in wrapped_app
    raise exc
  File "/app/.venv/lib/python3.12/site-packages/starlette/_exception_handler.py", line 42, in wrapped_app
    await app(scope, receive, sender)
  File "/app/.venv/lib/python3.12/site-packages/fastapi/middleware/asyncexitstack.py", line 18, in __call__
    await self.app(scope, receive, send)
  File "/app/.venv/lib/python3.12/site-packages/starlette/routing.py", line 660, in __call__
    await self.middleware_stack(scope, receive, send)
  File "/app/.venv/lib/python3.12/site-packages/fastapi/routing.py", line 2683, in app
    await route.handle(scope, receive, send)
  File "/app/.venv/lib/python3.12/site-packages/fastapi/routing.py", line 1753, in handle
    await self.original_router.handle(scope, receive, send)
  File "/app/.venv/lib/python3.12/site-packages/fastapi/routing.py", line 2738, in handle
    await included_router._handle_selected(scope, receive, send)
  File "/app/.venv/lib/python3.12/site-packages/fastapi/routing.py", line 1773, in _handle_selected
    await original_route.handle(scope, receive, send)
  File "/app/.venv/lib/python3.12/site-packages/fastapi/routing.py", line 1264, in handle
    await app(scope, receive, send)
  File "/app/.venv/lib/python3.12/site-packages/fastapi/routing.py", line 150, in app
    await wrap_app_handling_exceptions(app, request)(scope, receive, send)
  File "/app/.venv/lib/python3.12/site-packages/starlette/_exception_handler.py", line 53, in wrapped_app
    raise exc
  File "/app/.venv/lib/python3.12/site-packages/starlette/_exception_handler.py", line 42, in wrapped_app
    await app(scope, receive, sender)
  File "/app/.venv/lib/python3.12/site-packages/fastapi/routing.py", line 136, in app
    response = await f(request)
               ^^^^^^^^^^^^^^^^
  File "/app/.venv/lib/python3.12/site-packages/fastapi/routing.py", line 690, in app
    raw_response = await run_endpoint_function(
                   ^^^^^^^^^^^^^^^^^^^^^^^^^^^^
  File "/app/.venv/lib/python3.12/site-packages/fastapi/routing.py", line 344, in run_endpoint_function
    return await dependant.call(**values)
           ^^^^^^^^^^^^^^^^^^^^^^^^^^^^^^
  File "/app/backend/app/api/debug.py", line 127, in get_all_tables
    columns, column_types, _notnull, primary_key = _table_column_meta(connection, table_name)
                                                   ^^^^^^^^^^^^^^^^^^^^^^^^^^^^^^^^^^^^^^^^^^
  File "/app/backend/app/api/debug.py", line 77, in _table_column_meta
    quoted = _quote_ident(table_name)
             ^^^^^^^^^^^^^^^^^^^^^^^^
  File "/app/backend/app/api/debug.py", line 48, in _quote_ident
    raise ValueError(f"Unsafe table name: {name}")
ValueError: Unsafe table name: dprv6-k8s_k8s_deployments
INFO:     10.131.0.190:56846 - "GET /api/debug/teams-power-automate/pending HTTP/1.1" 200 OK
INFO:     10.131.0.190:56858 - "GET /api/debug/tables HTTP/1.1" 500 Internal Server Error
ERROR:    Exception in ASGI application
Traceback (most recent call last):
  File "/app/.venv/lib/python3.12/site-packages/uvicorn/protocols/http/h11_impl.py", line 416, in run_asgi
    result = await app(  # type: ignore[func-returns-value]
             ^^^^^^^^^^^^^^^^^^^^^^^^^^^^^^^^^^^^^^^^^^^^^^
  File "/app/.venv/lib/python3.12/site-packages/uvicorn/middleware/proxy_headers.py", line 63, in __call__
    return await self.app(scope, receive, send)
           ^^^^^^^^^^^^^^^^^^^^^^^^^^^^^^^^^^^^
  File "/app/.venv/lib/python3.12/site-packages/fastapi/applications.py", line 1163, in __call__
    await super().__call__(scope, receive, send)
  File "/app/.venv/lib/python3.12/site-packages/starlette/applications.py", line 90, in __call__
    await self.middleware_stack(scope, receive, send)
  File "/app/.venv/lib/python3.12/site-packages/starlette/middleware/errors.py", line 186, in __call__
    raise exc
  File "/app/.venv/lib/python3.12/site-packages/starlette/middleware/errors.py", line 164, in __call__
    await self.app(scope, receive, _send)
  File "/app/.venv/lib/python3.12/site-packages/starlette/middleware/base.py", line 193, in __call__
    response = await self.dispatch_func(request, call_next)
               ^^^^^^^^^^^^^^^^^^^^^^^^^^^^^^^^^^^^^^^^^^^^
  File "/app/backend/app/middleware/session_auth.py", line 71, in dispatch
    return await call_next(request)
           ^^^^^^^^^^^^^^^^^^^^^^^^
  File "/app/.venv/lib/python3.12/site-packages/starlette/middleware/base.py", line 168, in call_next
    raise app_exc from app_exc.__cause__ or app_exc.__context__
  File "/app/.venv/lib/python3.12/site-packages/starlette/middleware/base.py", line 144, in coro
    await self.app(scope, receive_or_disconnect, send_no_error)
  File "/app/.venv/lib/python3.12/site-packages/starlette/middleware/cors.py", line 88, in __call__
    await self.app(scope, receive, send)
  File "/app/.venv/lib/python3.12/site-packages/starlette/middleware/exceptions.py", line 63, in __call__
    await wrap_app_handling_exceptions(self.app, conn)(scope, receive, send)
  File "/app/.venv/lib/python3.12/site-packages/starlette/_exception_handler.py", line 53, in wrapped_app
    raise exc
  File "/app/.venv/lib/python3.12/site-packages/starlette/_exception_handler.py", line 42, in wrapped_app
    await app(scope, receive, sender)
  File "/app/.venv/lib/python3.12/site-packages/fastapi/middleware/asyncexitstack.py", line 18, in __call__
    await self.app(scope, receive, send)
  File "/app/.venv/lib/python3.12/site-packages/starlette/routing.py", line 660, in __call__
    await self.middleware_stack(scope, receive, send)
  File "/app/.venv/lib/python3.12/site-packages/fastapi/routing.py", line 2683, in app
    await route.handle(scope, receive, send)
  File "/app/.venv/lib/python3.12/site-packages/fastapi/routing.py", line 1753, in handle
    await self.original_router.handle(scope, receive, send)
  File "/app/.venv/lib/python3.12/site-packages/fastapi/routing.py", line 2738, in handle
    await included_router._handle_selected(scope, receive, send)
  File "/app/.venv/lib/python3.12/site-packages/fastapi/routing.py", line 1773, in _handle_selected
    await original_route.handle(scope, receive, send)
  File "/app/.venv/lib/python3.12/site-packages/fastapi/routing.py", line 1264, in handle
    await app(scope, receive, send)
  File "/app/.venv/lib/python3.12/site-packages/fastapi/routing.py", line 150, in app
    await wrap_app_handling_exceptions(app, request)(scope, receive, send)
  File "/app/.venv/lib/python3.12/site-packages/starlette/_exception_handler.py", line 53, in wrapped_app
    raise exc
  File "/app/.venv/lib/python3.12/site-packages/starlette/_exception_handler.py", line 42, in wrapped_app
    await app(scope, receive, sender)
  File "/app/.venv/lib/python3.12/site-packages/fastapi/routing.py", line 136, in app
    response = await f(request)
               ^^^^^^^^^^^^^^^^
  File "/app/.venv/lib/python3.12/site-packages/fastapi/routing.py", line 690, in app
    raw_response = await run_endpoint_function(
                   ^^^^^^^^^^^^^^^^^^^^^^^^^^^^
  File "/app/.venv/lib/python3.12/site-packages/fastapi/routing.py", line 344, in run_endpoint_function
    return await dependant.call(**values)
           ^^^^^^^^^^^^^^^^^^^^^^^^^^^^^^
  File "/app/backend/app/api/debug.py", line 127, in get_all_tables
    columns, column_types, _notnull, primary_key = _table_column_meta(connection, table_name)
                                                   ^^^^^^^^^^^^^^^^^^^^^^^^^^^^^^^^^^^^^^^^^^
  File "/app/backend/app/api/debug.py", line 77, in _table_column_meta
    quoted = _quote_ident(table_name)
             ^^^^^^^^^^^^^^^^^^^^^^^^
  File "/app/backend/app/api/debug.py", line 48, in _quote_ident
    raise ValueError(f"Unsafe table name: {name}")
ValueError: Unsafe table name: dprv6-k8s_k8s_deployments
INFO:     10.131.0.190:54238 - "GET /api/debug/teams-power-automate/pending HTTP/1.1" 200 OK
INFO:     10.131.0.190:54246 - "GET /api/debug/teams-power-automate/pending HTTP/1.1" 200 OK
INFO:     10.131.0.190:54260 - "GET /api/debug/teams-power-automate/pending HTTP/1.1" 200 OK
INFO:     10.131.0.190:59408 - "GET /api/debug/teams-power-automate/pending HTTP/1.1" 200 OK
INFO:     10.131.0.190:59414 - "GET /api/debug/teams-power-automate/pending HTTP/1.1" 200 OK
INFO:     10.131.0.190:59426 - "GET /api/debug/teams-power-automate/pending HTTP/1.1" 200 OK
INFO:     10.131.0.190:59430 - "GET /api/debug/tables HTTP/1.1" 500 Internal Server Error
ERROR:    Exception in ASGI application
Traceback (most recent call last):
  File "/app/.venv/lib/python3.12/site-packages/uvicorn/protocols/http/h11_impl.py", line 416, in run_asgi
    result = await app(  # type: ignore[func-returns-value]
             ^^^^^^^^^^^^^^^^^^^^^^^^^^^^^^^^^^^^^^^^^^^^^^
  File "/app/.venv/lib/python3.12/site-packages/uvicorn/middleware/proxy_headers.py", line 63, in __call__
    return await self.app(scope, receive, send)
           ^^^^^^^^^^^^^^^^^^^^^^^^^^^^^^^^^^^^
  File "/app/.venv/lib/python3.12/site-packages/fastapi/applications.py", line 1163, in __call__
    await super().__call__(scope, receive, send)
  File "/app/.venv/lib/python3.12/site-packages/starlette/applications.py", line 90, in __call__
    await self.middleware_stack(scope, receive, send)
  File "/app/.venv/lib/python3.12/site-packages/starlette/middleware/errors.py", line 186, in __call__
    raise exc
  File "/app/.venv/lib/python3.12/site-packages/starlette/middleware/errors.py", line 164, in __call__
    await self.app(scope, receive, _send)
  File "/app/.venv/lib/python3.12/site-packages/starlette/middleware/base.py", line 193, in __call__
    response = await self.dispatch_func(request, call_next)
               ^^^^^^^^^^^^^^^^^^^^^^^^^^^^^^^^^^^^^^^^^^^^
  File "/app/backend/app/middleware/session_auth.py", line 71, in dispatch
    return await call_next(request)
           ^^^^^^^^^^^^^^^^^^^^^^^^
  File "/app/.venv/lib/python3.12/site-packages/starlette/middleware/base.py", line 168, in call_next
    raise app_exc from app_exc.__cause__ or app_exc.__context__
  File "/app/.venv/lib/python3.12/site-packages/starlette/middleware/base.py", line 144, in coro
    await self.app(scope, receive_or_disconnect, send_no_error)
  File "/app/.venv/lib/python3.12/site-packages/starlette/middleware/cors.py", line 88, in __call__
    await self.app(scope, receive, send)
  File "/app/.venv/lib/python3.12/site-packages/starlette/middleware/exceptions.py", line 63, in __call__
    await wrap_app_handling_exceptions(self.app, conn)(scope, receive, send)
  File "/app/.venv/lib/python3.12/site-packages/starlette/_exception_handler.py", line 53, in wrapped_app
    raise exc
  File "/app/.venv/lib/python3.12/site-packages/starlette/_exception_handler.py", line 42, in wrapped_app
    await app(scope, receive, sender)
  File "/app/.venv/lib/python3.12/site-packages/fastapi/middleware/asyncexitstack.py", line 18, in __call__
    await self.app(scope, receive, send)
  File "/app/.venv/lib/python3.12/site-packages/starlette/routing.py", line 660, in __call__
    await self.middleware_stack(scope, receive, send)
  File "/app/.venv/lib/python3.12/site-packages/fastapi/routing.py", line 2683, in app
    await route.handle(scope, receive, send)
  File "/app/.venv/lib/python3.12/site-packages/fastapi/routing.py", line 1753, in handle
    await self.original_router.handle(scope, receive, send)
  File "/app/.venv/lib/python3.12/site-packages/fastapi/routing.py", line 2738, in handle
    await included_router._handle_selected(scope, receive, send)
  File "/app/.venv/lib/python3.12/site-packages/fastapi/routing.py", line 1773, in _handle_selected
    await original_route.handle(scope, receive, send)
  File "/app/.venv/lib/python3.12/site-packages/fastapi/routing.py", line 1264, in handle
    await app(scope, receive, send)
  File "/app/.venv/lib/python3.12/site-packages/fastapi/routing.py", line 150, in app
    await wrap_app_handling_exceptions(app, request)(scope, receive, send)
  File "/app/.venv/lib/python3.12/site-packages/starlette/_exception_handler.py", line 53, in wrapped_app
    raise exc
  File "/app/.venv/lib/python3.12/site-packages/starlette/_exception_handler.py", line 42, in wrapped_app
    await app(scope, receive, sender)
  File "/app/.venv/lib/python3.12/site-packages/fastapi/routing.py", line 136, in app
    response = await f(request)
               ^^^^^^^^^^^^^^^^
  File "/app/.venv/lib/python3.12/site-packages/fastapi/routing.py", line 690, in app
    raw_response = await run_endpoint_function(
                   ^^^^^^^^^^^^^^^^^^^^^^^^^^^^
  File "/app/.venv/lib/python3.12/site-packages/fastapi/routing.py", line 344, in run_endpoint_function
    return await dependant.call(**values)
           ^^^^^^^^^^^^^^^^^^^^^^^^^^^^^^
  File "/app/backend/app/api/debug.py", line 127, in get_all_tables
    columns, column_types, _notnull, primary_key = _table_column_meta(connection, table_name)
                                                   ^^^^^^^^^^^^^^^^^^^^^^^^^^^^^^^^^^^^^^^^^^
  File "/app/backend/app/api/debug.py", line 77, in _table_column_meta
    quoted = _quote_ident(table_name)
             ^^^^^^^^^^^^^^^^^^^^^^^^
  File "/app/backend/app/api/debug.py", line 48, in _quote_ident
    raise ValueError(f"Unsafe table name: {name}")
ValueError: Unsafe table name: dprv6-k8s_k8s_deployments
INFO:     10.131.0.190:59432 - "GET /api/debug/teams-power-automate/pending HTTP/1.1" 200 OK
INFO:     10.131.0.190:56946 - "GET /api/debug/teams-power-automate/pending HTTP/1.1" 200 OK
INFO:     10.131.0.190:56962 - "GET /api/debug/teams-power-automate/pending HTTP/1.1" 200 OK
INFO:     10.131.0.190:56952 - "GET /api/agents HTTP/1.1" 200 OK
INFO:     10.131.0.190:56958 - "GET /api/health HTTP/1.1" 200 OK
INFO:     10.131.0.190:56978 - "GET /api/users?viewer_role=1 HTTP/1.1" 200 OK
INFO:     10.131.0.190:56990 - "GET /api/debug/teams-power-automate/pending HTTP/1.1" 200 OK
INFO:     10.131.0.190:57004 - "GET /api/debug/teams-power-automate/pending HTTP/1.1" 200 OK
INFO:     10.131.0.190:37504 - "GET /api/debug/teams-power-automate/pending HTTP/1.1" 200 OK
INFO:     10.131.0.190:37516 - "GET /api/debug/teams-power-automate/pending HTTP/1.1" 200 OK
INFO:     10.131.0.190:37524 - "GET /api/debug/teams-power-automate/pending HTTP/1.1" 200 OK
INFO:     10.131.0.190:58636 - "GET /api/debug/teams-power-automate/pending HTTP/1.1" 200 OK
INFO:     10.131.0.190:58648 - "GET /api/debug/teams-power-automate/pending HTTP/1.1" 200 OK
INFO:     10.131.0.190:58662 - "GET /api/debug/teams-power-automate/pending HTTP/1.1" 200 OK
INFO:     10.131.0.190:34590 - "GET /api/debug/teams-power-automate/pending HTTP/1.1" 200 OK
INFO:     10.131.0.190:34604 - "GET /api/debug/teams-power-automate/pending HTTP/1.1" 200 OK
INFO:     10.131.0.190:34614 - "GET /api/debug/teams-power-automate/pending HTTP/1.1" 200 OK
INFO:     10.131.0.190:34628 - "GET /api/debug/teams-power-automate/pending HTTP/1.1" 200 OK
INFO:     10.131.0.190:51952 - "GET /api/debug/teams-power-automate/pending HTTP/1.1" 200 OK
INFO:     10.131.0.190:51962 - "GET /api/debug/teams-power-automate/pending HTTP/1.1" 200 OK
INFO:     10.131.0.190:51976 - "GET /api/debug/teams-power-automate/pending HTTP/1.1" 200 OK
INFO:     10.131.0.190:51988 - "GET /api/jobs?status_code=0 HTTP/1.1" 200 OK
INFO:     10.131.0.190:52012 - "GET /api/users HTTP/1.1" 200 OK
INFO:     10.131.0.190:52004 - "GET /api/jobs/workflow HTTP/1.1" 200 OK
INFO:     10.131.0.190:52028 - "GET /api/chat/logs/isyun HTTP/1.1" 200 OK
INFO:     10.131.0.190:52018 - "GET /api/agents HTTP/1.1" 200 OK
INFO:     10.131.0.190:52030 - "GET /api/users?viewer_role=0 HTTP/1.1" 200 OK
INFO:     10.131.0.190:52038 - "GET /api/chat/input-history/HELPDESK_AGENT HTTP/1.1" 200 OK
INFO:     10.131.0.190:41484 - "GET /api/debug/teams-power-automate/pending HTTP/1.1" 200 OK
INFO:     10.131.0.190:41486 - "GET /api/jobs?status_code=1&approver=isyun HTTP/1.1" 200 OK
INFO:     10.131.0.190:41502 - "GET /api/jobs?min_status_code=10&approver=isyun&exclude_status_code=13 HTTP/1.1" 200 OK
INFO:     10.131.0.190:41508 - "GET /api/jobs/13/result HTTP/1.1" 200 OK
INFO:     10.131.0.190:41522 - "GET /api/jobs?status_code=0 HTTP/1.1" 200 OK
INFO:     10.131.0.190:41542 - "GET /api/debug/teams-power-automate/pending HTTP/1.1" 200 OK
INFO:     10.131.0.190:41538 - "GET /api/users HTTP/1.1" 200 OK
INFO:     10.131.0.190:41550 - "GET /api/debug/teams-power-automate/pending HTTP/1.1" 200 OK
INFO:     10.131.0.190:41554 - "GET /api/jobs?min_status_code=10&exclude_status_code=13&job_type=2 HTTP/1.1" 200 OK
INFO:     10.131.0.190:41558 - "GET /api/jobs/16/result HTTP/1.1" 200 OK
INFO:     10.131.0.190:41570 - "GET /api/jobs/workflow HTTP/1.1" 200 OK
INFO:     10.131.0.190:41574 - "GET /api/debug/teams-power-automate/pending HTTP/1.1" 200 OK
INFO:     10.131.0.190:41582 - "GET /api/jobs?status_code=12 HTTP/1.1" 200 OK
INFO:     10.131.0.190:33092 - "GET /api/mynotes?userid=isyun HTTP/1.1" 200 OK
INFO:     10.131.0.190:33094 - "GET /api/mynotes/13?userid=isyun HTTP/1.1" 200 OK
INFO:     10.131.0.190:33098 - "GET /api/debug/teams-power-automate/pending HTTP/1.1" 200 OK
INFO:     10.131.0.190:33106 - "GET /api/agents HTTP/1.1" 200 OK
INFO:     10.131.0.190:33122 - "GET /api/users?viewer_role=0 HTTP/1.1" 200 OK
INFO:     10.131.0.190:33126 - "GET /api/debug/teams-power-automate/pending HTTP/1.1" 200 OK
INFO:     10.131.0.190:33132 - "GET /api/agents HTTP/1.1" 200 OK
INFO:     10.131.0.190:33144 - "GET /api/users?viewer_role=1 HTTP/1.1" 200 OK
INFO:     10.131.0.190:33148 - "GET /api/health HTTP/1.1" 200 OK
INFO:     10.131.0.190:33164 - "GET /api/notices HTTP/1.1" 200 OK
INFO:     10.131.0.190:33176 - "GET /api/debug/teams-power-automate/pending HTTP/1.1" 200 OK
INFO:     10.131.0.190:33178 - "GET /api/debug/teams-power-automate/pending HTTP/1.1" 200 OK
INFO:     10.131.0.190:33192 - "GET /api/debug/tables HTTP/1.1" 500 Internal Server Error
ERROR:    Exception in ASGI application
Traceback (most recent call last):
  File "/app/.venv/lib/python3.12/site-packages/uvicorn/protocols/http/h11_impl.py", line 416, in run_asgi
    result = await app(  # type: ignore[func-returns-value]
             ^^^^^^^^^^^^^^^^^^^^^^^^^^^^^^^^^^^^^^^^^^^^^^
  File "/app/.venv/lib/python3.12/site-packages/uvicorn/middleware/proxy_headers.py", line 63, in __call__
    return await self.app(scope, receive, send)
           ^^^^^^^^^^^^^^^^^^^^^^^^^^^^^^^^^^^^
  File "/app/.venv/lib/python3.12/site-packages/fastapi/applications.py", line 1163, in __call__
    await super().__call__(scope, receive, send)
  File "/app/.venv/lib/python3.12/site-packages/starlette/applications.py", line 90, in __call__
    await self.middleware_stack(scope, receive, send)
  File "/app/.venv/lib/python3.12/site-packages/starlette/middleware/errors.py", line 186, in __call__
    raise exc
  File "/app/.venv/lib/python3.12/site-packages/starlette/middleware/errors.py", line 164, in __call__
    await self.app(scope, receive, _send)
  File "/app/.venv/lib/python3.12/site-packages/starlette/middleware/base.py", line 193, in __call__
    response = await self.dispatch_func(request, call_next)
               ^^^^^^^^^^^^^^^^^^^^^^^^^^^^^^^^^^^^^^^^^^^^
  File "/app/backend/app/middleware/session_auth.py", line 71, in dispatch
    return await call_next(request)
           ^^^^^^^^^^^^^^^^^^^^^^^^
  File "/app/.venv/lib/python3.12/site-packages/starlette/middleware/base.py", line 168, in call_next
    raise app_exc from app_exc.__cause__ or app_exc.__context__
  File "/app/.venv/lib/python3.12/site-packages/starlette/middleware/base.py", line 144, in coro
    await self.app(scope, receive_or_disconnect, send_no_error)
  File "/app/.venv/lib/python3.12/site-packages/starlette/middleware/cors.py", line 88, in __call__
    await self.app(scope, receive, send)
  File "/app/.venv/lib/python3.12/site-packages/starlette/middleware/exceptions.py", line 63, in __call__
    await wrap_app_handling_exceptions(self.app, conn)(scope, receive, send)
  File "/app/.venv/lib/python3.12/site-packages/starlette/_exception_handler.py", line 53, in wrapped_app
    raise exc
  File "/app/.venv/lib/python3.12/site-packages/starlette/_exception_handler.py", line 42, in wrapped_app
    await app(scope, receive, sender)
  File "/app/.venv/lib/python3.12/site-packages/fastapi/middleware/asyncexitstack.py", line 18, in __call__
    await self.app(scope, receive, send)
  File "/app/.venv/lib/python3.12/site-packages/starlette/routing.py", line 660, in __call__
    await self.middleware_stack(scope, receive, send)
  File "/app/.venv/lib/python3.12/site-packages/fastapi/routing.py", line 2683, in app
    await route.handle(scope, receive, send)
  File "/app/.venv/lib/python3.12/site-packages/fastapi/routing.py", line 1753, in handle
    await self.original_router.handle(scope, receive, send)
  File "/app/.venv/lib/python3.12/site-packages/fastapi/routing.py", line 2738, in handle
    await included_router._handle_selected(scope, receive, send)
  File "/app/.venv/lib/python3.12/site-packages/fastapi/routing.py", line 1773, in _handle_selected
    await original_route.handle(scope, receive, send)
  File "/app/.venv/lib/python3.12/site-packages/fastapi/routing.py", line 1264, in handle
    await app(scope, receive, send)
  File "/app/.venv/lib/python3.12/site-packages/fastapi/routing.py", line 150, in app
    await wrap_app_handling_exceptions(app, request)(scope, receive, send)
  File "/app/.venv/lib/python3.12/site-packages/starlette/_exception_handler.py", line 53, in wrapped_app
    raise exc
  File "/app/.venv/lib/python3.12/site-packages/starlette/_exception_handler.py", line 42, in wrapped_app
    await app(scope, receive, sender)
  File "/app/.venv/lib/python3.12/site-packages/fastapi/routing.py", line 136, in app
    response = await f(request)
               ^^^^^^^^^^^^^^^^
  File "/app/.venv/lib/python3.12/site-packages/fastapi/routing.py", line 690, in app
    raw_response = await run_endpoint_function(
                   ^^^^^^^^^^^^^^^^^^^^^^^^^^^^
  File "/app/.venv/lib/python3.12/site-packages/fastapi/routing.py", line 344, in run_endpoint_function
    return await dependant.call(**values)
           ^^^^^^^^^^^^^^^^^^^^^^^^^^^^^^
  File "/app/backend/app/api/debug.py", line 127, in get_all_tables
    columns, column_types, _notnull, primary_key = _table_column_meta(connection, table_name)
                                                   ^^^^^^^^^^^^^^^^^^^^^^^^^^^^^^^^^^^^^^^^^^
  File "/app/backend/app/api/debug.py", line 77, in _table_column_meta
    quoted = _quote_ident(table_name)
             ^^^^^^^^^^^^^^^^^^^^^^^^
  File "/app/backend/app/api/debug.py", line 48, in _quote_ident
    raise ValueError(f"Unsafe table name: {name}")
ValueError: Unsafe table name: dprv6-k8s_k8s_deployments
INFO:     10.131.0.190:55616 - "GET /api/debug/teams-power-automate/pending HTTP/1.1" 200 OK
INFO:     10.131.0.190:55626 - "GET /api/debug/teams-power-automate/pending HTTP/1.1" 200 OK
INFO:     10.131.0.190:55632 - "GET /api/debug/teams-power-automate/pending HTTP/1.1" 200 OK
INFO:     10.131.0.190:35028 - "GET /api/debug/teams-power-automate/pending HTTP/1.1" 200 OK
INFO:     10.131.0.190:35034 - "GET /api/debug/teams-power-automate/pending HTTP/1.1" 200 OK
INFO:     10.131.0.190:35040 - "GET /api/debug/teams-power-automate/pending HTTP/1.1" 200 OK
INFO:     10.131.0.190:45194 - "GET /api/debug/teams-power-automate/pending HTTP/1.1" 200 OK
INFO:     10.131.0.190:45204 - "GET /api/debug/teams-power-automate/pending HTTP/1.1" 200 OK
INFO:     10.131.0.190:45206 - "GET /api/debug/teams-power-automate/pending HTTP/1.1" 200 OK
INFO:     10.131.0.190:45210 - "GET /api/debug/teams-power-automate/pending HTTP/1.1" 200 OK

