ERROR:backend.app.services.mail_receive_loop:mail receive cycle failed: b'IP is not in access ip'
Traceback (most recent call last):
  File "/app/backend/app/services/mail_receive_loop.py", line 40, in run_mail_receive_loop
    stored = await asyncio.to_thread(
             ^^^^^^^^^^^^^^^^^^^^^^^^
  File "/usr/local/lib/python3.12/asyncio/threads.py", line 25, in to_thread
    return await loop.run_in_executor(None, func_call)
           ^^^^^^^^^^^^^^^^^^^^^^^^^^^^^^^^^^^^^^^^^^^
  File "/usr/local/lib/python3.12/concurrent/futures/thread.py", line 59, in run
    result = self.fn(*self.args, **self.kwargs)
             ^^^^^^^^^^^^^^^^^^^^^^^^^^^^^^^^^^
  File "/app/backend/app/services/mail_receive_poller.py", line 30, in poll_received_mail_once
    return poll_pop3_once(database_path, poll_settings)
           ^^^^^^^^^^^^^^^^^^^^^^^^^^^^^^^^^^^^^^^^^^^^
  File "/app/backend/app/services/mail_pop3_poller.py", line 70, in poll_pop3_once
    client = _connect_pop3(
             ^^^^^^^^^^^^^^
  File "/app/backend/app/services/mail_pop3_poller.py", line 31, in _connect_pop3
    return poplib.POP3(host, port, timeout=timeout)
           ^^^^^^^^^^^^^^^^^^^^^^^^^^^^^^^^^^^^^^^^
  File "/usr/local/lib/python3.12/poplib.py", line 107, in __init__
    self.welcome = self._getresp()
                   ^^^^^^^^^^^^^^^
  File "/usr/local/lib/python3.12/poplib.py", line 157, in _getresp
    raise error_proto(resp)
poplib.error_proto: b'IP is not in access ip'
INFO:     10.128.2.2:35934 - "GET /healthz HTTP/1.1" 200 OK
INFO:     10.128.2.2:35936 - "GET /readyz HTTP/1.1" 200 OK
INFO:     10.128.2.2:38100 - "GET /readyz HTTP/1.1" 200 OK
INFO:     10.128.2.2:50846 - "GET /readyz HTTP/1.1" 200 OK
INFO:     10.128.2.2:50862 - "GET /healthz HTTP/1.1" 200 OK
ERROR:backend.app.services.mail_receive_loop:mail receive cycle failed: b'IP is not in access ip'
Traceback (most recent call last):
  File "/app/backend/app/services/mail_receive_loop.py", line 40, in run_mail_receive_loop
    stored = await asyncio.to_thread(
             ^^^^^^^^^^^^^^^^^^^^^^^^
  File "/usr/local/lib/python3.12/asyncio/threads.py", line 25, in to_thread
    return await loop.run_in_executor(None, func_call)
           ^^^^^^^^^^^^^^^^^^^^^^^^^^^^^^^^^^^^^^^^^^^
  File "/usr/local/lib/python3.12/concurrent/futures/thread.py", line 59, in run
    result = self.fn(*self.args, **self.kwargs)
             ^^^^^^^^^^^^^^^^^^^^^^^^^^^^^^^^^^
  File "/app/backend/app/services/mail_receive_poller.py", line 30, in poll_received_mail_once
    return poll_pop3_once(database_path, poll_settings)
           ^^^^^^^^^^^^^^^^^^^^^^^^^^^^^^^^^^^^^^^^^^^^
  File "/app/backend/app/services/mail_pop3_poller.py", line 70, in poll_pop3_once
    client = _connect_pop3(
             ^^^^^^^^^^^^^^
  File "/app/backend/app/services/mail_pop3_poller.py", line 31, in _connect_pop3
    return poplib.POP3(host, port, timeout=timeout)
           ^^^^^^^^^^^^^^^^^^^^^^^^^^^^^^^^^^^^^^^^
  File "/usr/local/lib/python3.12/poplib.py", line 107, in __init__
    self.welcome = self._getresp()
                   ^^^^^^^^^^^^^^^
  File "/usr/local/lib/python3.12/poplib.py", line 157, in _getresp
    raise error_proto(resp)
poplib.error_proto: b'IP is not in access ip'
