ERROR:backend.app.services.mail_receive_loop:mail receive cycle failed: column "pop3_uidl" does not exist
LINE 4:             WHERE pop3_uidl <> ''
                          ^
Traceback (most recent call last):
  File "/app/backend/app/services/mail_receive_loop.py", line 40, in run_mail_receive_loop
    stored = await asyncio.to_thread(
             ^^^^^^^^^^^^^^^^^^^^^^^^
  File "/usr/local/lib/python3.12/asyncio/threads.py", line 25, in to_thread
    return await loop.run_in_executor(None, func_call)
           ^^^^^^^^^^^^^^^^^^^^^^^^^^^^^^^^^^^^^^^^^^^
  File "/usr/local/lib/python3.12/concurrent/futures/thread.py", line 59, in run
    result = self.fn(*self.args, **self.kwargs)
             ^^^^^^^^^^^^^^^^^^^^^^^^^^^^^^^^^^
  File "/app/backend/app/services/mail_receive_poller.py", line 30, in poll_received_mail_once
    return poll_pop3_once(database_path, poll_settings)
           ^^^^^^^^^^^^^^^^^^^^^^^^^^^^^^^^^^^^^^^^^^^^
  File "/app/backend/app/services/mail_pop3_poller.py", line 87, in poll_pop3_once
    if message_already_stored(
       ^^^^^^^^^^^^^^^^^^^^^^^
  File "/app/backend/app/db/received_mail.py", line 154, in message_already_stored
    ensure_received_mail_table(connection)
  File "/app/backend/app/db/received_mail.py", line 70, in ensure_received_mail_table
    connection.execute(
  File "/app/backend/app/db/engine.py", line 90, in execute
    cursor.execute(converted, parameters or ())
  File "/app/.venv/lib/python3.12/site-packages/psycopg/cursor.py", line 117, in execute
    raise ex.with_traceback(None)
psycopg.errors.UndefinedColumn: column "pop3_uidl" does not exist
LINE 4:             WHERE pop3_uidl <> ''
                          ^
